====================================================================================================
MONTE CARLO - Canonical Optimal Strategy
====================================================================================================
Strategy : 30 DTE | breadth-adaptive (brd<=50) | Hard=-50%@day15
  Calls TP: +30% base / +35% stressed  (h30->35 Regime-TP sweep 2026-04-16)
  Calls SL: -35% base / -40% stressed  (h35->40 VIX/breadth decomp 2026-04-16)
  Puts TP : +30% fixed        (asym weekly+tight SL, 2026-04-17)
  Puts SL : -20% fixed
Slippage : entry -1.0% | TP 0% (limit sell) | SL -1.3% | Hard -0.5%
  NET_CTP: base=+0.290 stressed=+0.340
  NET_CSL: base=-0.373 stressed=-0.423
  NET_PTP: +0.290  NET_PSL: -0.223  NET_HD: -0.515
C Alloc  : 95+=25%  85-94=15%  80-84=15%  75-79=15%  70-74=0% (disabled)
P Alloc  : <=15=15%  16-20=12%  21-25=12%  (shared 14-slot pool with calls)
MaxPos   : 14  (upgraded from 10; MaxPos sweep 2026-04-16, monte_carlo_maxpos_sweep.py)
         : Primary threshold: 75+  |  Overflow: 70-74
Start    : $50,000  |  Iterations: 500
Sigma    : TP base=1.092/stressed=1.274  SL base=1.274/stressed=1.456
Modes    : conservative, realistic, optimistic

Algorithm version: 6656daa

==============================================================================================================
WINDOW: 2021  (2021-01-01 -> 2021-12-31)
==============================================================================================================
Call signals: 7647  (75+=2216, 70-74=5431)  |  Put signals (<=25): 2546
Breadth map: 189 dates  |  stressed call signals: 14.7%
Regime map: 189 dates  |  slope_up=0.0 slope_dn=1.0 put_slope=0.0
Precomputing call outcomes... N=7645  TP=65.4%  SL=33.7%  Both=0.6%  Hard=0.2%
Precomputing put outcomes...  N=2538  TP=42.8%  SL=53.2%  Both=3.7%  Hard=0.3%

Mode            CTP%   PTP%    CTrd    PTrd         MeanRet          MedRet   WorstDD   MeanDD   P(col)
------------------------------------------------------------------------------------------------------------------------
conservative   68.0%  48.4%  620.8  278.8       +61691.1%       +58366.2%     48.8%    43.5%     0.0%
realistic      68.2%  49.6%  621.1  281.2       +86443.1%       +79189.2%     48.3%    43.3%     0.0%
optimistic     68.4%  51.2%  620.8  283.1      +125125.6%      +119594.8%     45.1%    43.2%     0.0%

==============================================================================================================
WINDOW: 2022  (2022-01-01 -> 2022-12-31)
==============================================================================================================
Call signals: 3531  (75+=1212, 70-74=2319)  |  Put signals (<=25): 13771
Breadth map: 300 dates  |  stressed call signals: 65.1%
Regime map: 300 dates  |  slope_up=0.0 slope_dn=1.0 put_slope=0.0
Precomputing call outcomes... N=3531  TP=58.2%  SL=40.1%  Both=1.1%  Hard=0.6%
Precomputing put outcomes...  N=13769  TP=45.5%  SL=52.1%  Both=2.4%  Hard=0.1%

Mode            CTP%   PTP%    CTrd    PTrd         MeanRet          MedRet   WorstDD   MeanDD   P(col)
------------------------------------------------------------------------------------------------------------------------
conservative   62.0%  50.0%  448.1  411.2        +3279.0%        +3095.7%     70.0%    57.5%     0.0%
realistic      62.8%  51.1%  449.0  411.7        +6797.7%        +6376.8%     70.6%    57.2%     0.0%
optimistic     63.4%  52.0%  449.9  412.3       +12763.8%       +12115.2%     64.8%    56.8%     0.0%

==============================================================================================================
WINDOW: 2023  (2023-01-01 -> 2023-12-31)
==============================================================================================================
Call signals: 2466  (75+=588, 70-74=1878)  |  Put signals (<=25): 14841
Breadth map: 297 dates  |  stressed call signals: 53.1%
Regime map: 297 dates  |  slope_up=0.0 slope_dn=1.0 put_slope=0.0
Precomputing call outcomes... N=2466  TP=67.0%  SL=32.0%  Both=0.5%  Hard=0.5%
Precomputing put outcomes...  N=14841  TP=40.8%  SL=56.4%  Both=2.3%  Hard=0.5%

Mode            CTP%   PTP%    CTrd    PTrd         MeanRet          MedRet   WorstDD   MeanDD   P(col)
------------------------------------------------------------------------------------------------------------------------
conservative   64.2%  41.7%  313.5  501.5         +291.5%         +267.3%     72.5%    64.2%     0.0%
realistic      64.8%  43.5%  313.1  504.6         +836.7%         +759.6%     69.8%    55.7%     0.0%
optimistic     65.4%  45.5%  313.5  508.5        +2180.9%        +2032.8%     63.1%    47.1%     0.0%

==============================================================================================================
WINDOW: 2024  (2024-01-01 -> 2024-12-31)
==============================================================================================================
Call signals: 4859  (75+=1329, 70-74=3530)  |  Put signals (<=25): 10395
Breadth map: 298 dates  |  stressed call signals: 32.3%
Regime map: 298 dates  |  slope_up=0.0 slope_dn=1.0 put_slope=0.0
Precomputing call outcomes... N=4859  TP=67.9%  SL=31.1%  Both=0.7%  Hard=0.3%
Precomputing put outcomes...  N=10395  TP=40.3%  SL=57.0%  Both=2.5%  Hard=0.3%

Mode            CTP%   PTP%    CTrd    PTrd         MeanRet          MedRet   WorstDD   MeanDD   P(col)
------------------------------------------------------------------------------------------------------------------------
conservative   69.2%  46.9%  468.8  329.6       +25423.4%       +24534.6%     56.6%    43.8%     0.0%
realistic      69.6%  48.8%  469.6  330.3       +46769.3%       +44562.5%     54.3%    43.1%     0.0%
optimistic     70.1%  50.7%  470.5  330.2       +85261.4%       +80936.5%     52.9%    42.5%     0.0%

==============================================================================================================
WINDOW: 2025  (2025-01-01 -> 2025-12-31)
==============================================================================================================
Call signals: 4355  (75+=1101, 70-74=3254)  |  Put signals (<=25): 10780
Breadth map: 297 dates  |  stressed call signals: 49.1%
Regime map: 297 dates  |  slope_up=0.0 slope_dn=1.0 put_slope=0.0
Precomputing call outcomes... N=4355  TP=62.7%  SL=35.4%  Both=0.9%  Hard=1.0%
Precomputing put outcomes...  N=10776  TP=42.5%  SL=54.9%  Both=2.3%  Hard=0.2%

Mode            CTP%   PTP%    CTrd    PTrd         MeanRet          MedRet   WorstDD   MeanDD   P(col)
------------------------------------------------------------------------------------------------------------------------
conservative   64.9%  45.5%  432.2  348.4        +2935.6%        +2777.6%     74.7%    73.3%     0.0%
realistic      65.5%  48.1%  431.9  350.7        +8126.7%        +7907.8%     71.3%    58.9%     0.0%
optimistic     66.1%  50.7%  431.7  352.4       +20199.0%       +19439.9%     67.6%    52.8%     0.0%

==============================================================================================================
WINDOW: 5y  (2021-01-01 -> 2026-04-15)
==============================================================================================================
Call signals: 24793  (75+=7010, 70-74=17783)  |  Put signals (<=25): 54710
Breadth map: 1285 dates  |  stressed call signals: 37.6%
Regime map: 1285 dates  |  slope_up=0.0 slope_dn=1.0 put_slope=0.0
Precomputing call outcomes... N=24791  TP=64.4%  SL=34.3%  Both=0.8%  Hard=0.6%
Precomputing put outcomes...  N=54696  TP=42.5%  SL=54.7%  Both=2.5%  Hard=0.3%

Mode            CTP%   PTP%    CTrd    PTrd         MeanRet          MedRet   WorstDD   MeanDD   P(col)
------------------------------------------------------------------------------------------------------------------------
conservative   65.7%  45.9%  2478.0  1907.3  +115188388386.6%  +84855344472.4%     74.7%    73.4%     0.0%
realistic      66.2%  47.7%  2480.3  1914.9  +4512781507344.0%  +2998986169266.5%     73.4%    61.8%     0.0%
optimistic     66.7%  49.5%  2482.1  1925.8  +142845141625490.1%  +110231489917935.8%     69.8%    58.5%     0.0%

==============================================================================================================
SUMMARY - Mean Return by Window x Collision Mode
==============================================================================================================
Window      conservative MeanRet       realistic MeanRet      optimistic MeanRet
--------------------------------------------------------------------------------------------------------------
2021               +61,691.1%              +86,443.1%             +125,125.6%     
2022                +3,279.0%               +6,797.7%              +12,763.8%     
2023                  +291.5%                 +836.7%               +2,180.9%     
2024               +25,423.4%              +46,769.3%              +85,261.4%     
2025                +2,935.6%               +8,126.7%              +20,199.0%     
5y        +115,188,388,386.6%     +4,512,781,507,344.0%     +142,845,141,625,490.1%     

==============================================================================================================
SUMMARY - Worst Drawdown by Window x Collision Mode
==============================================================================================================
Window      conservative WorstDD       realistic WorstDD      optimistic WorstDD
--------------------------------------------------------------------------------------------------------------
2021                       48.8%                      48.3%                      45.1%     
2022                       70.0%                      70.6%                      64.8%     
2023                       72.5%                      69.8%                      63.1%     
2024                       56.6%                      54.3%                      52.9%     
2025                       74.7%                      71.3%                      67.6%     
5y                         74.7%                      73.4%                      69.8%     

==============================================================================================================
SUMMARY - P(collapse) by Window x Collision Mode
==============================================================================================================
Window      conservative P(coll)       realistic P(coll)      optimistic P(coll)
--------------------------------------------------------------------------------------------------------------
2021                        0.0%                       0.0%                       0.0%     
2022                        0.0%                       0.0%                       0.0%     
2023                        0.0%                       0.0%                       0.0%     
2024                        0.0%                       0.0%                       0.0%     
2025                        0.0%                       0.0%                       0.0%     
5y                          0.0%                       0.0%                       0.0%     
