================================================================================================================================================================
MONTE CARLO ΓÇö Regime-Conditioned Take-Profit Sweep
================================================================================================================================================================
Strategy : TP base=30% | stress TP varies per rule | SL h35ΓåÆ40 via brd_inv@50 (locked)
Slippage : entry -1.0% | TP 0% (limit sell) | SL -1.3% | Hard -0.5%
Alloc    : 85+=15%  80-84=12%  75-79=12%  70-74=5% (overflow)
MaxPos   : 14  |  Threshold: 75+ primary / 70-74 overflow
Start    : $50,000  |  Iterations: 500
Rules    : 13 total (1 fixed + 3 sources x 4 stress TP values)
Windows  : 5  (2022ΓåÆnow primary + per-year context)
Question : Does regime-aware TP beat fixed TP=30% from 2022 bear entry,
           and which signal source (VIX/breadth/composite) drives it?

Algorithm version: ea8b9fe

Loading regime data... 1141 dates
Loading breadth data... 1141 dates
Building signal maps... done
   composite: 1141 dates
   vix_score: 1141 dates
   vix_close: 1141 dates
     brd_inv: 1141 dates

================================================================================================================================================================
WINDOW: 2022ΓåÆnow  (2022-01-01 -> 2026-04-16)  *** WORST-CASE ENTRY ***
================================================================================================================================================================
Signals: 17,821 (75+=4,943, 70-74=12,878)
Precomputing bar data... done (17,816 valid trades)

Signal source statistics (dates in window):
   composite: mean= 47.4  p10= 29.6  p50= 43.6  p90= 71.5  ΓëÑ50:  35%  ΓëÑ60:  20%  ΓëÑ70:  11%  (N=1097)
   vix_score: mean= 43.5  p10= 17.2  p50= 40.4  p90= 76.6  ΓëÑ50:  35%  ΓëÑ60:  23%  ΓëÑ70:  13%  (N=1097)
     brd_inv: mean= 45.7  p10= 29.5  p50= 44.0  p90= 64.5  ΓëÑ50:  33%  ΓëÑ60:  17%  ΓëÑ70:   5%  (N=1097)

  #  Rule              Description                  AvgTP  TPstr%   AvgSL  SLstr%            ΓÇö Realistic ΓÇö               ΓÇö Conservative ΓÇö  
                                                                                          MeanRet   WorstDD    TP%    SL%         MeanRet   WorstDD
ΓöÇΓöÇΓöÇΓöÇΓöÇΓöÇΓöÇΓöÇΓöÇΓöÇΓöÇΓöÇΓöÇΓöÇΓöÇΓöÇΓöÇΓöÇΓöÇΓöÇΓöÇΓöÇΓöÇΓöÇΓöÇΓöÇΓöÇΓöÇΓöÇΓöÇΓöÇΓöÇΓöÇΓöÇΓöÇΓöÇΓöÇΓöÇΓöÇΓöÇΓöÇΓöÇΓöÇΓöÇΓöÇΓöÇΓöÇΓöÇΓöÇΓöÇΓöÇΓöÇΓöÇΓöÇΓöÇΓöÇΓöÇΓöÇΓöÇΓöÇΓöÇΓöÇΓöÇΓöÇΓöÇΓöÇΓöÇΓöÇΓöÇΓöÇΓöÇΓöÇΓöÇΓöÇΓöÇΓöÇΓöÇΓöÇΓöÇΓöÇΓöÇΓöÇΓöÇΓöÇΓöÇΓöÇΓöÇΓöÇΓöÇΓöÇΓöÇΓöÇΓöÇΓöÇΓöÇΓöÇΓöÇΓöÇΓöÇΓöÇΓöÇΓöÇΓöÇΓöÇΓöÇΓöÇΓöÇΓöÇΓöÇΓöÇΓöÇΓöÇΓöÇΓöÇΓöÇΓöÇΓöÇΓöÇΓöÇΓöÇΓöÇΓöÇΓöÇΓöÇΓöÇΓöÇΓöÇΓöÇΓöÇΓöÇΓöÇΓöÇΓöÇΓöÇΓöÇΓöÇΓöÇΓöÇΓöÇΓöÇΓöÇΓöÇΓöÇΓöÇΓöÇΓöÇΓöÇΓöÇΓöÇΓöÇΓöÇΓöÇΓöÇΓöÇΓöÇΓöÇΓöÇΓöÇΓöÇΓöÇ
  1  fixed_TP30        Fixed TP=30% (baseline)      30.0%      0%   37.4%     49%  +126,482,516.4%     84.0%  64.3%  35.2%  +36,581,541.4%     86.0%
  2  comp_TP30/20      compΓëÑ50 ΓåÆ TP=20%             24.7%     53%   37.4%     49%   +5,275,263.5%     83.9%  67.0%  32.5%     +717,189.8%     93.4%
  3  comp_TP30/25      compΓëÑ50 ΓåÆ TP=25%             27.3%     53%   37.4%     49%  +40,470,366.0%     84.7%  65.7%  33.8%   +9,505,432.4%     86.9%
  4  comp_TP30/35      compΓëÑ50 ΓåÆ TP=35%             32.7%     53%   37.4%     49%  +182,047,912.8%     79.9%  63.1%  36.2%  +66,829,639.1%     81.3%
  5  comp_TP30/40      compΓëÑ50 ΓåÆ TP=40%             35.3%     53%   37.4%     49%  +53,180,870.9%     81.3%  61.9%  37.4%  +21,620,982.2%     83.3%
  6  brd_TP30/20       brd_invΓëÑ50 ΓåÆ TP=20%          25.1%     49%   37.4%     49%   +5,671,430.9%     82.4%  66.6%  32.8%     +856,359.6%     89.5%
  7  brd_TP30/25       brd_invΓëÑ50 ΓåÆ TP=25%          27.6%     49%   37.4%     49%  +49,466,842.8%     83.2%  65.5%  33.9%  +11,922,007.0%     86.4%
  8  brd_TP30/35       brd_invΓëÑ50 ΓåÆ TP=35%          32.4%     49%   37.4%     49%  +188,745,989.9%     81.6%  63.1%  36.2%  +66,892,492.9%     80.8%
  9  brd_TP30/40       brd_invΓëÑ50 ΓåÆ TP=40%          34.9%     49%   37.4%     49%  +61,134,057.4%     83.4%  62.0%  37.2%  +21,251,203.9%     84.5%
 10  vix_TP30/20       vix_scoreΓëÑ70 ΓåÆ TP=20%        27.9%     21%   37.4%     49%  +22,411,430.6%     83.1%  65.3%  34.2%   +4,545,164.7%     87.8%
 11  vix_TP30/25       vix_scoreΓëÑ70 ΓåÆ TP=25%        29.0%     21%   37.4%     49%  +63,381,480.6%     82.9%  64.7%  34.7%  +15,301,841.5%     86.1%
 12  vix_TP30/35       vix_scoreΓëÑ70 ΓåÆ TP=35%        31.0%     21%   37.4%     49%  +121,584,249.7%     81.8%  63.8%  35.6%  +38,173,450.0%     83.3%
 13  vix_TP30/40       vix_scoreΓëÑ70 ΓåÆ TP=40%        32.1%     21%   37.4%     49%  +93,239,243.6%     81.9%  63.3%  36.0%  +30,301,395.5%     83.6%

ΓöÇΓöÇΓöÇΓöÇΓöÇΓöÇΓöÇΓöÇΓöÇΓöÇΓöÇΓöÇΓöÇΓöÇΓöÇΓöÇΓöÇΓöÇΓöÇΓöÇΓöÇΓöÇΓöÇΓöÇΓöÇΓöÇΓöÇΓöÇΓöÇΓöÇΓöÇΓöÇΓöÇΓöÇΓöÇΓöÇΓöÇΓöÇΓöÇΓöÇΓöÇΓöÇΓöÇΓöÇΓöÇΓöÇΓöÇΓöÇΓöÇΓöÇΓöÇΓöÇΓöÇΓöÇΓöÇΓöÇΓöÇΓöÇΓöÇΓöÇΓöÇΓöÇΓöÇΓöÇΓöÇΓöÇΓöÇΓöÇΓöÇΓöÇΓöÇΓöÇΓöÇΓöÇΓöÇΓöÇΓöÇΓöÇΓöÇΓöÇΓöÇΓöÇΓöÇΓöÇΓöÇΓöÇΓöÇΓöÇΓöÇΓöÇΓöÇΓöÇΓöÇΓöÇΓöÇΓöÇΓöÇΓöÇΓöÇΓöÇΓöÇΓöÇΓöÇΓöÇΓöÇΓöÇΓöÇΓöÇΓöÇΓöÇΓöÇΓöÇΓöÇΓöÇΓöÇΓöÇΓöÇΓöÇΓöÇΓöÇΓöÇΓöÇΓöÇΓöÇΓöÇΓöÇΓöÇΓöÇΓöÇΓöÇΓöÇΓöÇΓöÇΓöÇΓöÇΓöÇΓöÇΓöÇΓöÇΓöÇΓöÇΓöÇΓöÇΓöÇΓöÇΓöÇΓöÇΓöÇΓöÇΓöÇΓöÇΓöÇΓöÇΓöÇΓöÇΓöÇΓöÇΓöÇΓöÇΓöÇ
RANKED ΓÇö 2022ΓåÆnow ΓÇö Realistic (sorted by mean return)
ΓöÇΓöÇΓöÇΓöÇΓöÇΓöÇΓöÇΓöÇΓöÇΓöÇΓöÇΓöÇΓöÇΓöÇΓöÇΓöÇΓöÇΓöÇΓöÇΓöÇΓöÇΓöÇΓöÇΓöÇΓöÇΓöÇΓöÇΓöÇΓöÇΓöÇΓöÇΓöÇΓöÇΓöÇΓöÇΓöÇΓöÇΓöÇΓöÇΓöÇΓöÇΓöÇΓöÇΓöÇΓöÇΓöÇΓöÇΓöÇΓöÇΓöÇΓöÇΓöÇΓöÇΓöÇΓöÇΓöÇΓöÇΓöÇΓöÇΓöÇΓöÇΓöÇΓöÇΓöÇΓöÇΓöÇΓöÇΓöÇΓöÇΓöÇΓöÇΓöÇΓöÇΓöÇΓöÇΓöÇΓöÇΓöÇΓöÇΓöÇΓöÇΓöÇΓöÇΓöÇΓöÇΓöÇΓöÇΓöÇΓöÇΓöÇΓöÇΓöÇΓöÇΓöÇΓöÇΓöÇΓöÇΓöÇΓöÇΓöÇΓöÇΓöÇΓöÇΓöÇΓöÇΓöÇΓöÇΓöÇΓöÇΓöÇΓöÇΓöÇΓöÇΓöÇΓöÇΓöÇΓöÇΓöÇΓöÇΓöÇΓöÇΓöÇΓöÇΓöÇΓöÇΓöÇΓöÇΓöÇΓöÇΓöÇΓöÇΓöÇΓöÇΓöÇΓöÇΓöÇΓöÇΓöÇΓöÇΓöÇΓöÇΓöÇΓöÇΓöÇΓöÇΓöÇΓöÇΓöÇΓöÇΓöÇΓöÇΓöÇΓöÇΓöÇΓöÇΓöÇΓöÇΓöÇΓöÇΓöÇ
 Rk  Rule              Description                  AvgTP  TPstr%         MeanRet          MedRet   WorstDD   MeanDD    TP%    SL%   P(c)
ΓöÇΓöÇΓöÇΓöÇΓöÇΓöÇΓöÇΓöÇΓöÇΓöÇΓöÇΓöÇΓöÇΓöÇΓöÇΓöÇΓöÇΓöÇΓöÇΓöÇΓöÇΓöÇΓöÇΓöÇΓöÇΓöÇΓöÇΓöÇΓöÇΓöÇΓöÇΓöÇΓöÇΓöÇΓöÇΓöÇΓöÇΓöÇΓöÇΓöÇΓöÇΓöÇΓöÇΓöÇΓöÇΓöÇΓöÇΓöÇΓöÇΓöÇΓöÇΓöÇΓöÇΓöÇΓöÇΓöÇΓöÇΓöÇΓöÇΓöÇΓöÇΓöÇΓöÇΓöÇΓöÇΓöÇΓöÇΓöÇΓöÇΓöÇΓöÇΓöÇΓöÇΓöÇΓöÇΓöÇΓöÇΓöÇΓöÇΓöÇΓöÇΓöÇΓöÇΓöÇΓöÇΓöÇΓöÇΓöÇΓöÇΓöÇΓöÇΓöÇΓöÇΓöÇΓöÇΓöÇΓöÇΓöÇΓöÇΓöÇΓöÇΓöÇΓöÇΓöÇΓöÇΓöÇΓöÇΓöÇΓöÇΓöÇΓöÇΓöÇΓöÇΓöÇΓöÇΓöÇΓöÇΓöÇΓöÇΓöÇΓöÇΓöÇΓöÇΓöÇΓöÇΓöÇΓöÇΓöÇΓöÇΓöÇΓöÇΓöÇΓöÇΓöÇΓöÇΓöÇΓöÇΓöÇΓöÇΓöÇΓöÇΓöÇΓöÇΓöÇΓöÇΓöÇΓöÇΓöÇΓöÇΓöÇΓöÇΓöÇΓöÇΓöÇΓöÇΓöÇΓöÇΓöÇΓöÇΓöÇ
  1  brd_TP30/35       brd_invΓëÑ50 ΓåÆ TP=35%          32.4%     49%  +188,745,989.9%  +155,297,495.4%     81.6%    70.5%  63.1%  36.2%   0.0%
  2  comp_TP30/35      compΓëÑ50 ΓåÆ TP=35%             32.7%     53%  +182,047,912.8%  +158,886,925.3%     79.9%    69.4%  63.1%  36.2%   0.0%
  3  fixed_TP30        Fixed TP=30% (baseline)      30.0%      0%  +126,482,516.4%  +110,722,727.3%     84.0%    72.3%  64.3%  35.2%   0.0% Γùå
  4  vix_TP30/35       vix_scoreΓëÑ70 ΓåÆ TP=35%        31.0%     21%  +121,584,249.7%  +108,877,037.8%     81.8%    71.0%  63.8%  35.6%   0.0%
  5  vix_TP30/40       vix_scoreΓëÑ70 ΓåÆ TP=40%        32.1%     21%  +93,239,243.6%  +79,874,448.0%     81.9%    72.4%  63.3%  36.0%   0.0%
  6  vix_TP30/25       vix_scoreΓëÑ70 ΓåÆ TP=25%        29.0%     21%  +63,381,480.6%  +55,160,432.6%     82.9%    73.8%  64.7%  34.7%   0.0%
  7  brd_TP30/40       brd_invΓëÑ50 ΓåÆ TP=40%          34.9%     49%  +61,134,057.4%  +51,902,649.4%     83.4%    74.9%  62.0%  37.2%   0.0%
  8  comp_TP30/40      compΓëÑ50 ΓåÆ TP=40%             35.3%     53%  +53,180,870.9%  +43,382,701.5%     81.3%    72.9%  61.9%  37.4%   0.0%
  9  brd_TP30/25       brd_invΓëÑ50 ΓåÆ TP=25%          27.6%     49%  +49,466,842.8%  +42,875,114.6%     83.2%    74.3%  65.5%  33.9%   0.0%
 10  comp_TP30/25      compΓëÑ50 ΓåÆ TP=25%             27.3%     53%  +40,470,366.0%  +35,978,692.7%     84.7%    75.5%  65.7%  33.8%   0.0%
 11  vix_TP30/20       vix_scoreΓëÑ70 ΓåÆ TP=20%        27.9%     21%  +22,411,430.6%  +19,125,800.2%     83.1%    74.9%  65.3%  34.2%   0.0%
 12  brd_TP30/20       brd_invΓëÑ50 ΓåÆ TP=20%          25.1%     49%   +5,671,430.9%   +5,052,788.0%     82.4%    75.8%  66.6%  32.8%   0.0%
 13  comp_TP30/20      compΓëÑ50 ΓåÆ TP=20%             24.7%     53%   +5,275,263.5%   +4,583,299.8%     83.9%    76.0%  67.0%  32.5%   0.0%

ΓöÇΓöÇΓöÇΓöÇΓöÇΓöÇΓöÇΓöÇΓöÇΓöÇΓöÇΓöÇΓöÇΓöÇΓöÇΓöÇΓöÇΓöÇΓöÇΓöÇΓöÇΓöÇΓöÇΓöÇΓöÇΓöÇΓöÇΓöÇΓöÇΓöÇΓöÇΓöÇΓöÇΓöÇΓöÇΓöÇΓöÇΓöÇΓöÇΓöÇΓöÇΓöÇΓöÇΓöÇΓöÇΓöÇΓöÇΓöÇΓöÇΓöÇΓöÇΓöÇΓöÇΓöÇΓöÇΓöÇΓöÇΓöÇΓöÇΓöÇΓöÇΓöÇΓöÇΓöÇΓöÇΓöÇΓöÇΓöÇΓöÇΓöÇΓöÇΓöÇΓöÇΓöÇΓöÇΓöÇΓöÇΓöÇΓöÇΓöÇΓöÇΓöÇΓöÇΓöÇΓöÇΓöÇΓöÇΓöÇΓöÇΓöÇΓöÇΓöÇΓöÇΓöÇΓöÇΓöÇΓöÇΓöÇΓöÇΓöÇΓöÇΓöÇΓöÇΓöÇΓöÇΓöÇΓöÇΓöÇΓöÇΓöÇΓöÇΓöÇΓöÇΓöÇΓöÇΓöÇΓöÇΓöÇΓöÇΓöÇΓöÇΓöÇΓöÇΓöÇΓöÇΓöÇΓöÇΓöÇΓöÇΓöÇΓöÇΓöÇΓöÇΓöÇΓöÇΓöÇΓöÇΓöÇΓöÇΓöÇΓöÇΓöÇΓöÇΓöÇΓöÇΓöÇΓöÇΓöÇΓöÇΓöÇΓöÇΓöÇΓöÇΓöÇΓöÇΓöÇΓöÇΓöÇΓöÇΓöÇ
EQUITY CURVE ΓÇö 2022ΓåÆnow ΓÇö Conservative ΓÇö $50k start, year-end portfolio values
ΓöÇΓöÇΓöÇΓöÇΓöÇΓöÇΓöÇΓöÇΓöÇΓöÇΓöÇΓöÇΓöÇΓöÇΓöÇΓöÇΓöÇΓöÇΓöÇΓöÇΓöÇΓöÇΓöÇΓöÇΓöÇΓöÇΓöÇΓöÇΓöÇΓöÇΓöÇΓöÇΓöÇΓöÇΓöÇΓöÇΓöÇΓöÇΓöÇΓöÇΓöÇΓöÇΓöÇΓöÇΓöÇΓöÇΓöÇΓöÇΓöÇΓöÇΓöÇΓöÇΓöÇΓöÇΓöÇΓöÇΓöÇΓöÇΓöÇΓöÇΓöÇΓöÇΓöÇΓöÇΓöÇΓöÇΓöÇΓöÇΓöÇΓöÇΓöÇΓöÇΓöÇΓöÇΓöÇΓöÇΓöÇΓöÇΓöÇΓöÇΓöÇΓöÇΓöÇΓöÇΓöÇΓöÇΓöÇΓöÇΓöÇΓöÇΓöÇΓöÇΓöÇΓöÇΓöÇΓöÇΓöÇΓöÇΓöÇΓöÇΓöÇΓöÇΓöÇΓöÇΓöÇΓöÇΓöÇΓöÇΓöÇΓöÇΓöÇΓöÇΓöÇΓöÇΓöÇΓöÇΓöÇΓöÇΓöÇΓöÇΓöÇΓöÇΓöÇΓöÇΓöÇΓöÇΓöÇΓöÇΓöÇΓöÇΓöÇΓöÇΓöÇΓöÇΓöÇΓöÇΓöÇΓöÇΓöÇΓöÇΓöÇΓöÇΓöÇΓöÇΓöÇΓöÇΓöÇΓöÇΓöÇΓöÇΓöÇΓöÇΓöÇΓöÇΓöÇΓöÇΓöÇΓöÇΓöÇΓöÇ
 Rk  Rule              Description                          $2022           $2023           $2024           $2025           $2026        TotalRet
ΓöÇΓöÇΓöÇΓöÇΓöÇΓöÇΓöÇΓöÇΓöÇΓöÇΓöÇΓöÇΓöÇΓöÇΓöÇΓöÇΓöÇΓöÇΓöÇΓöÇΓöÇΓöÇΓöÇΓöÇΓöÇΓöÇΓöÇΓöÇΓöÇΓöÇΓöÇΓöÇΓöÇΓöÇΓöÇΓöÇΓöÇΓöÇΓöÇΓöÇΓöÇΓöÇΓöÇΓöÇΓöÇΓöÇΓöÇΓöÇΓöÇΓöÇΓöÇΓöÇΓöÇΓöÇΓöÇΓöÇΓöÇΓöÇΓöÇΓöÇΓöÇΓöÇΓöÇΓöÇΓöÇΓöÇΓöÇΓöÇΓöÇΓöÇΓöÇΓöÇΓöÇΓöÇΓöÇΓöÇΓöÇΓöÇΓöÇΓöÇΓöÇΓöÇΓöÇΓöÇΓöÇΓöÇΓöÇΓöÇΓöÇΓöÇΓöÇΓöÇΓöÇΓöÇΓöÇΓöÇΓöÇΓöÇΓöÇΓöÇΓöÇΓöÇΓöÇΓöÇΓöÇΓöÇΓöÇΓöÇΓöÇΓöÇΓöÇΓöÇΓöÇΓöÇΓöÇΓöÇΓöÇΓöÇΓöÇΓöÇΓöÇΓöÇΓöÇΓöÇΓöÇΓöÇΓöÇΓöÇΓöÇΓöÇΓöÇΓöÇΓöÇΓöÇΓöÇΓöÇΓöÇΓöÇΓöÇΓöÇΓöÇΓöÇΓöÇΓöÇΓöÇΓöÇΓöÇΓöÇΓöÇΓöÇΓöÇΓöÇΓöÇΓöÇΓöÇΓöÇΓöÇΓöÇΓöÇΓöÇ
  1  brd_TP30/35       brd_invΓëÑ50 ΓåÆ TP=35%         $      226.9K  $        5.8M  $      606.6M  $       22.8B  $       33.4B  +66,892,492.9%
  2  comp_TP30/35      compΓëÑ50 ΓåÆ TP=35%            $      194.4K  $        6.1M  $      690.1M  $       21.7B  $       33.4B  +66,829,639.1%
  3  vix_TP30/35       vix_scoreΓëÑ70 ΓåÆ TP=35%       $      211.3K  $        5.5M  $      505.0M  $       12.5B  $       19.1B  +38,173,450.0%
  4  fixed_TP30        Fixed TP=30% (baseline)     $      280.3K  $        6.9M  $      593.1M  $       13.6B  $       18.3B  +36,581,541.4% Γùå
  5  vix_TP30/40       vix_scoreΓëÑ70 ΓåÆ TP=40%       $      177.5K  $        5.0M  $      450.4M  $       10.4B  $       15.2B  +30,301,395.5%
  6  comp_TP30/40      compΓëÑ50 ΓåÆ TP=40%            $       94.2K  $        2.3M  $      187.9M  $        5.9B  $       10.8B  +21,620,982.2%
  7  brd_TP30/40       brd_invΓëÑ50 ΓåÆ TP=40%         $      108.9K  $        2.3M  $      174.9M  $        5.5B  $       10.6B  +21,251,203.9%
  8  vix_TP30/25       vix_scoreΓëÑ70 ΓåÆ TP=25%       $      158.9K  $        3.4M  $      250.4M  $        5.0B  $        7.7B  +15,301,841.5%
  9  brd_TP30/25       brd_invΓëÑ50 ΓåÆ TP=25%         $      181.2K  $        3.3M  $      298.3M  $        4.7B  $        6.0B  +11,922,007.0%
 10  comp_TP30/25      compΓëÑ50 ΓåÆ TP=25%            $      147.6K  $        2.6M  $      208.1M  $        3.4B  $        4.8B   +9,505,432.4%
 11  vix_TP30/20       vix_scoreΓëÑ70 ΓåÆ TP=20%       $       67.0K  $        1.3M  $       85.3M  $        1.8B  $        2.3B   +4,545,164.7%
 12  brd_TP30/20       brd_invΓëÑ50 ΓåÆ TP=20%         $       48.9K  $      629.8K  $       38.5M  $      480.8M  $      429.1M     +856,359.6%
 13  comp_TP30/20      compΓëÑ50 ΓåÆ TP=20%            $       39.5K  $      494.3K  $       26.4M  $      369.0M  $      369.7M     +717,189.8%

ΓöÇΓöÇΓöÇΓöÇΓöÇΓöÇΓöÇΓöÇΓöÇΓöÇΓöÇΓöÇΓöÇΓöÇΓöÇΓöÇΓöÇΓöÇΓöÇΓöÇΓöÇΓöÇΓöÇΓöÇΓöÇΓöÇΓöÇΓöÇΓöÇΓöÇΓöÇΓöÇΓöÇΓöÇΓöÇΓöÇΓöÇΓöÇΓöÇΓöÇΓöÇΓöÇΓöÇΓöÇΓöÇΓöÇΓöÇΓöÇΓöÇΓöÇΓöÇΓöÇΓöÇΓöÇΓöÇΓöÇΓöÇΓöÇΓöÇΓöÇΓöÇΓöÇΓöÇΓöÇΓöÇΓöÇΓöÇΓöÇΓöÇΓöÇΓöÇΓöÇΓöÇΓöÇΓöÇΓöÇΓöÇΓöÇΓöÇΓöÇΓöÇΓöÇΓöÇΓöÇΓöÇΓöÇΓöÇΓöÇΓöÇΓöÇΓöÇΓöÇΓöÇΓöÇΓöÇΓöÇΓöÇΓöÇΓöÇΓöÇΓöÇΓöÇΓöÇΓöÇΓöÇΓöÇΓöÇΓöÇΓöÇΓöÇΓöÇΓöÇΓöÇΓöÇΓöÇΓöÇΓöÇΓöÇΓöÇΓöÇΓöÇΓöÇΓöÇΓöÇΓöÇΓöÇΓöÇΓöÇΓöÇΓöÇΓöÇΓöÇΓöÇΓöÇΓöÇΓöÇΓöÇΓöÇΓöÇΓöÇΓöÇΓöÇΓöÇΓöÇΓöÇΓöÇΓöÇΓöÇΓöÇΓöÇΓöÇΓöÇΓöÇΓöÇΓöÇΓöÇΓöÇΓöÇΓöÇΓöÇ
EQUITY CURVE ΓÇö 2022ΓåÆnow ΓÇö Realistic ΓÇö $50k start, year-end portfolio values
ΓöÇΓöÇΓöÇΓöÇΓöÇΓöÇΓöÇΓöÇΓöÇΓöÇΓöÇΓöÇΓöÇΓöÇΓöÇΓöÇΓöÇΓöÇΓöÇΓöÇΓöÇΓöÇΓöÇΓöÇΓöÇΓöÇΓöÇΓöÇΓöÇΓöÇΓöÇΓöÇΓöÇΓöÇΓöÇΓöÇΓöÇΓöÇΓöÇΓöÇΓöÇΓöÇΓöÇΓöÇΓöÇΓöÇΓöÇΓöÇΓöÇΓöÇΓöÇΓöÇΓöÇΓöÇΓöÇΓöÇΓöÇΓöÇΓöÇΓöÇΓöÇΓöÇΓöÇΓöÇΓöÇΓöÇΓöÇΓöÇΓöÇΓöÇΓöÇΓöÇΓöÇΓöÇΓöÇΓöÇΓöÇΓöÇΓöÇΓöÇΓöÇΓöÇΓöÇΓöÇΓöÇΓöÇΓöÇΓöÇΓöÇΓöÇΓöÇΓöÇΓöÇΓöÇΓöÇΓöÇΓöÇΓöÇΓöÇΓöÇΓöÇΓöÇΓöÇΓöÇΓöÇΓöÇΓöÇΓöÇΓöÇΓöÇΓöÇΓöÇΓöÇΓöÇΓöÇΓöÇΓöÇΓöÇΓöÇΓöÇΓöÇΓöÇΓöÇΓöÇΓöÇΓöÇΓöÇΓöÇΓöÇΓöÇΓöÇΓöÇΓöÇΓöÇΓöÇΓöÇΓöÇΓöÇΓöÇΓöÇΓöÇΓöÇΓöÇΓöÇΓöÇΓöÇΓöÇΓöÇΓöÇΓöÇΓöÇΓöÇΓöÇΓöÇΓöÇΓöÇΓöÇΓöÇΓöÇΓöÇ
 Rk  Rule              Description                          $2022           $2023           $2024           $2025           $2026        TotalRet
ΓöÇΓöÇΓöÇΓöÇΓöÇΓöÇΓöÇΓöÇΓöÇΓöÇΓöÇΓöÇΓöÇΓöÇΓöÇΓöÇΓöÇΓöÇΓöÇΓöÇΓöÇΓöÇΓöÇΓöÇΓöÇΓöÇΓöÇΓöÇΓöÇΓöÇΓöÇΓöÇΓöÇΓöÇΓöÇΓöÇΓöÇΓöÇΓöÇΓöÇΓöÇΓöÇΓöÇΓöÇΓöÇΓöÇΓöÇΓöÇΓöÇΓöÇΓöÇΓöÇΓöÇΓöÇΓöÇΓöÇΓöÇΓöÇΓöÇΓöÇΓöÇΓöÇΓöÇΓöÇΓöÇΓöÇΓöÇΓöÇΓöÇΓöÇΓöÇΓöÇΓöÇΓöÇΓöÇΓöÇΓöÇΓöÇΓöÇΓöÇΓöÇΓöÇΓöÇΓöÇΓöÇΓöÇΓöÇΓöÇΓöÇΓöÇΓöÇΓöÇΓöÇΓöÇΓöÇΓöÇΓöÇΓöÇΓöÇΓöÇΓöÇΓöÇΓöÇΓöÇΓöÇΓöÇΓöÇΓöÇΓöÇΓöÇΓöÇΓöÇΓöÇΓöÇΓöÇΓöÇΓöÇΓöÇΓöÇΓöÇΓöÇΓöÇΓöÇΓöÇΓöÇΓöÇΓöÇΓöÇΓöÇΓöÇΓöÇΓöÇΓöÇΓöÇΓöÇΓöÇΓöÇΓöÇΓöÇΓöÇΓöÇΓöÇΓöÇΓöÇΓöÇΓöÇΓöÇΓöÇΓöÇΓöÇΓöÇΓöÇΓöÇΓöÇΓöÇΓöÇΓöÇΓöÇΓöÇΓöÇ
  1  brd_TP30/35       brd_invΓëÑ50 ΓåÆ TP=35%         $      298.0K  $        8.7M  $        1.2B  $       60.0B  $       94.4B  +188,745,989.9%
  2  comp_TP30/35      compΓëÑ50 ΓåÆ TP=35%            $      257.2K  $        9.4M  $        1.4B  $       54.8B  $       91.0B  +182,047,912.8%
  3  fixed_TP30        Fixed TP=30% (baseline)     $      366.9K  $       10.5M  $        1.2B  $       44.7B  $       63.2B  +126,482,516.4% Γùå
  4  vix_TP30/35       vix_scoreΓëÑ70 ΓåÆ TP=35%       $      295.3K  $        8.7M  $        1.0B  $       37.6B  $       60.8B  +121,584,249.7%
  5  vix_TP30/40       vix_scoreΓëÑ70 ΓåÆ TP=40%       $      239.0K  $        7.8M  $      948.0M  $       30.4B  $       46.6B  +93,239,243.6%
  6  vix_TP30/25       vix_scoreΓëÑ70 ΓåÆ TP=25%       $      229.3K  $        5.7M  $      564.9M  $       18.4B  $       31.7B  +63,381,480.6%
  7  brd_TP30/40       brd_invΓëÑ50 ΓåÆ TP=40%         $      146.6K  $        3.6M  $      353.8M  $       14.9B  $       30.6B  +61,134,057.4%
  8  comp_TP30/40      compΓëÑ50 ΓåÆ TP=40%            $      118.1K  $        3.3M  $      341.6M  $       13.5B  $       26.6B  +53,180,870.9%
  9  brd_TP30/25       brd_invΓëÑ50 ΓåÆ TP=25%         $      263.2K  $        5.7M  $      689.1M  $       17.7B  $       24.7B  +49,466,842.8%
 10  comp_TP30/25      compΓëÑ50 ΓåÆ TP=25%            $      205.2K  $        4.6M  $      499.9M  $       12.6B  $       20.2B  +40,470,366.0%
 11  vix_TP30/20       vix_scoreΓëÑ70 ΓåÆ TP=20%       $      120.9K  $        2.8M  $      240.9M  $        7.8B  $       11.2B  +22,411,430.6%
 12  brd_TP30/20       brd_invΓëÑ50 ΓåÆ TP=20%         $       90.2K  $        1.5M  $      124.2M  $        2.6B  $        2.8B   +5,671,430.9%
 13  comp_TP30/20      compΓëÑ50 ΓåÆ TP=20%            $       82.2K  $        1.4M  $      103.1M  $        2.3B  $        2.6B   +5,275,263.5%

ΓöÇΓöÇΓöÇΓöÇΓöÇΓöÇΓöÇΓöÇΓöÇΓöÇΓöÇΓöÇΓöÇΓöÇΓöÇΓöÇΓöÇΓöÇΓöÇΓöÇΓöÇΓöÇΓöÇΓöÇΓöÇΓöÇΓöÇΓöÇΓöÇΓöÇΓöÇΓöÇΓöÇΓöÇΓöÇΓöÇΓöÇΓöÇΓöÇΓöÇΓöÇΓöÇΓöÇΓöÇΓöÇΓöÇΓöÇΓöÇΓöÇΓöÇΓöÇΓöÇΓöÇΓöÇΓöÇΓöÇΓöÇΓöÇΓöÇΓöÇΓöÇΓöÇΓöÇΓöÇΓöÇΓöÇΓöÇΓöÇΓöÇΓöÇΓöÇΓöÇΓöÇΓöÇΓöÇΓöÇΓöÇΓöÇΓöÇΓöÇΓöÇΓöÇΓöÇΓöÇΓöÇΓöÇΓöÇΓöÇΓöÇΓöÇΓöÇΓöÇΓöÇΓöÇΓöÇΓöÇΓöÇΓöÇΓöÇΓöÇΓöÇΓöÇΓöÇΓöÇΓöÇΓöÇΓöÇΓöÇΓöÇΓöÇΓöÇΓöÇΓöÇΓöÇΓöÇΓöÇΓöÇΓöÇΓöÇΓöÇΓöÇΓöÇΓöÇΓöÇΓöÇΓöÇΓöÇΓöÇΓöÇΓöÇΓöÇΓöÇΓöÇΓöÇΓöÇΓöÇΓöÇΓöÇΓöÇΓöÇ
DELTA vs fixed_TP30 ΓÇö 2022ΓåÆnow ΓÇö Realistic
ΓöÇΓöÇΓöÇΓöÇΓöÇΓöÇΓöÇΓöÇΓöÇΓöÇΓöÇΓöÇΓöÇΓöÇΓöÇΓöÇΓöÇΓöÇΓöÇΓöÇΓöÇΓöÇΓöÇΓöÇΓöÇΓöÇΓöÇΓöÇΓöÇΓöÇΓöÇΓöÇΓöÇΓöÇΓöÇΓöÇΓöÇΓöÇΓöÇΓöÇΓöÇΓöÇΓöÇΓöÇΓöÇΓöÇΓöÇΓöÇΓöÇΓöÇΓöÇΓöÇΓöÇΓöÇΓöÇΓöÇΓöÇΓöÇΓöÇΓöÇΓöÇΓöÇΓöÇΓöÇΓöÇΓöÇΓöÇΓöÇΓöÇΓöÇΓöÇΓöÇΓöÇΓöÇΓöÇΓöÇΓöÇΓöÇΓöÇΓöÇΓöÇΓöÇΓöÇΓöÇΓöÇΓöÇΓöÇΓöÇΓöÇΓöÇΓöÇΓöÇΓöÇΓöÇΓöÇΓöÇΓöÇΓöÇΓöÇΓöÇΓöÇΓöÇΓöÇΓöÇΓöÇΓöÇΓöÇΓöÇΓöÇΓöÇΓöÇΓöÇΓöÇΓöÇΓöÇΓöÇΓöÇΓöÇΓöÇΓöÇΓöÇΓöÇΓöÇΓöÇΓöÇΓöÇΓöÇΓöÇΓöÇΓöÇΓöÇΓöÇΓöÇΓöÇΓöÇΓöÇΓöÇΓöÇΓöÇΓöÇ
Rule              Description                           ╬öRet       ╬öDD      ╬öTP  TPstr%      Source
ΓöÇΓöÇΓöÇΓöÇΓöÇΓöÇΓöÇΓöÇΓöÇΓöÇΓöÇΓöÇΓöÇΓöÇΓöÇΓöÇΓöÇΓöÇΓöÇΓöÇΓöÇΓöÇΓöÇΓöÇΓöÇΓöÇΓöÇΓöÇΓöÇΓöÇΓöÇΓöÇΓöÇΓöÇΓöÇΓöÇΓöÇΓöÇΓöÇΓöÇΓöÇΓöÇΓöÇΓöÇΓöÇΓöÇΓöÇΓöÇΓöÇΓöÇΓöÇΓöÇΓöÇΓöÇΓöÇΓöÇΓöÇΓöÇΓöÇΓöÇΓöÇΓöÇΓöÇΓöÇΓöÇΓöÇΓöÇΓöÇΓöÇΓöÇΓöÇΓöÇΓöÇΓöÇΓöÇΓöÇΓöÇΓöÇΓöÇΓöÇΓöÇΓöÇΓöÇΓöÇΓöÇΓöÇΓöÇΓöÇΓöÇΓöÇΓöÇΓöÇΓöÇΓöÇΓöÇΓöÇΓöÇΓöÇΓöÇΓöÇΓöÇΓöÇΓöÇΓöÇΓöÇΓöÇΓöÇΓöÇΓöÇΓöÇΓöÇΓöÇΓöÇΓöÇΓöÇΓöÇΓöÇΓöÇΓöÇΓöÇΓöÇΓöÇΓöÇΓöÇΓöÇΓöÇΓöÇΓöÇΓöÇΓöÇΓöÇΓöÇΓöÇΓöÇΓöÇΓöÇΓöÇΓöÇΓöÇΓöÇ
brd_TP30/35       brd_invΓëÑ50 ΓåÆ TP=35%         +62,263,473.5%     -2.5%    -1.1%     49%     brd_inv  Γû▓
comp_TP30/35      compΓëÑ50 ΓåÆ TP=35%            +55,565,396.4%     -4.1%    -1.2%     53%   composite  Γû▓
vix_TP30/35       vix_scoreΓëÑ70 ΓåÆ TP=35%        -4,898,266.7%     -2.2%    -0.5%     21%   vix_score  Γû╝
vix_TP30/40       vix_scoreΓëÑ70 ΓåÆ TP=40%       -33,243,272.8%     -2.1%    -0.9%     21%   vix_score  Γû╝
vix_TP30/25       vix_scoreΓëÑ70 ΓåÆ TP=25%       -63,101,035.8%     -1.2%    +0.5%     21%   vix_score  Γû╝
brd_TP30/40       brd_invΓëÑ50 ΓåÆ TP=40%         -65,348,459.0%     -0.7%    -2.2%     49%     brd_inv  Γû╝
comp_TP30/40      compΓëÑ50 ΓåÆ TP=40%            -73,301,645.5%     -2.7%    -2.4%     53%   composite  Γû╝
brd_TP30/25       brd_invΓëÑ50 ΓåÆ TP=25%         -77,015,673.6%     -0.8%    +1.3%     49%     brd_inv  Γû╝
comp_TP30/25      compΓëÑ50 ΓåÆ TP=25%            -86,012,150.4%     +0.7%    +1.4%     53%   composite  Γû╝
vix_TP30/20       vix_scoreΓëÑ70 ΓåÆ TP=20%       -104,071,085.8%     -0.9%    +1.0%     21%   vix_score  Γû╝
brd_TP30/20       brd_invΓëÑ50 ΓåÆ TP=20%         -120,811,085.5%     -1.6%    +2.4%     49%     brd_inv  Γû╝
comp_TP30/20      compΓëÑ50 ΓåÆ TP=20%            -121,207,252.9%     -0.1%    +2.7%     53%   composite  Γû╝

================================================================================================================================================================
WINDOW: 2022  (2022-01-01 -> 2022-12-31)
================================================================================================================================================================
Signals: 3,675 (75+=1,242, 70-74=2,433)
Precomputing bar data... done (3,675 valid trades)

Signal source statistics (dates in window):
   composite: mean= 57.7  p10= 32.5  p50= 55.0  p90= 86.9  ΓëÑ50:  57%  ΓëÑ60:  44%  ΓëÑ70:  30%  (N=256)
   vix_score: mean= 58.3  p10= 31.7  p50= 55.1  p90= 90.0  ΓëÑ50:  55%  ΓëÑ60:  45%  ΓëÑ70:  32%  (N=256)
     brd_inv: mean= 51.7  p10= 30.7  p50= 51.6  p90= 72.8  ΓëÑ50:  53%  ΓëÑ60:  37%  ΓëÑ70:  14%  (N=256)

  #  Rule              Description                  AvgTP  TPstr%   AvgSL  SLstr%            ΓÇö Realistic ΓÇö               ΓÇö Conservative ΓÇö  
                                                                                          MeanRet   WorstDD    TP%    SL%         MeanRet   WorstDD
ΓöÇΓöÇΓöÇΓöÇΓöÇΓöÇΓöÇΓöÇΓöÇΓöÇΓöÇΓöÇΓöÇΓöÇΓöÇΓöÇΓöÇΓöÇΓöÇΓöÇΓöÇΓöÇΓöÇΓöÇΓöÇΓöÇΓöÇΓöÇΓöÇΓöÇΓöÇΓöÇΓöÇΓöÇΓöÇΓöÇΓöÇΓöÇΓöÇΓöÇΓöÇΓöÇΓöÇΓöÇΓöÇΓöÇΓöÇΓöÇΓöÇΓöÇΓöÇΓöÇΓöÇΓöÇΓöÇΓöÇΓöÇΓöÇΓöÇΓöÇΓöÇΓöÇΓöÇΓöÇΓöÇΓöÇΓöÇΓöÇΓöÇΓöÇΓöÇΓöÇΓöÇΓöÇΓöÇΓöÇΓöÇΓöÇΓöÇΓöÇΓöÇΓöÇΓöÇΓöÇΓöÇΓöÇΓöÇΓöÇΓöÇΓöÇΓöÇΓöÇΓöÇΓöÇΓöÇΓöÇΓöÇΓöÇΓöÇΓöÇΓöÇΓöÇΓöÇΓöÇΓöÇΓöÇΓöÇΓöÇΓöÇΓöÇΓöÇΓöÇΓöÇΓöÇΓöÇΓöÇΓöÇΓöÇΓöÇΓöÇΓöÇΓöÇΓöÇΓöÇΓöÇΓöÇΓöÇΓöÇΓöÇΓöÇΓöÇΓöÇΓöÇΓöÇΓöÇΓöÇΓöÇΓöÇΓöÇΓöÇΓöÇΓöÇΓöÇΓöÇΓöÇΓöÇΓöÇΓöÇΓöÇΓöÇΓöÇΓöÇΓöÇΓöÇΓöÇΓöÇΓöÇΓöÇΓöÇΓöÇ
  1  fixed_TP30        Fixed TP=30% (baseline)      30.0%      0%   38.3%     66%         +637.7%     70.7%  62.6%  37.1%         +466.8%     70.9%
  2  comp_TP30/20      compΓëÑ50 ΓåÆ TP=20%             22.2%     78%   38.3%     66%          +51.8%     85.2%  66.5%  33.2%          -25.2%     90.6%
  3  comp_TP30/25      compΓëÑ50 ΓåÆ TP=25%             26.1%     78%   38.3%     66%         +307.0%     73.6%  64.7%  34.9%         +193.2%     76.3%
  4  comp_TP30/35      compΓëÑ50 ΓåÆ TP=35%             33.9%     78%   38.3%     66%         +407.8%     72.9%  60.1%  39.5%         +278.9%     74.5%
  5  comp_TP30/40      compΓëÑ50 ΓåÆ TP=40%             37.8%     78%   38.3%     66%         +150.0%     76.2%  57.4%  42.2%         +103.4%     83.9%
  6  brd_TP30/20       brd_invΓëÑ50 ΓåÆ TP=20%          23.4%     66%   38.3%     66%          +72.0%     81.7%  65.6%  34.0%           -6.7%     85.9%
  7  brd_TP30/25       brd_invΓëÑ50 ΓåÆ TP=25%          26.7%     66%   38.3%     66%         +435.1%     72.8%  64.5%  35.2%         +264.0%     73.0%
  8  brd_TP30/35       brd_invΓëÑ50 ΓåÆ TP=35%          33.3%     66%   38.3%     66%         +465.2%     71.2%  60.5%  39.0%         +333.1%     74.6%
  9  brd_TP30/40       brd_invΓëÑ50 ΓåÆ TP=40%          36.6%     66%   38.3%     66%         +198.1%     77.9%  58.2%  41.4%         +130.8%     81.8%
 10  vix_TP30/20       vix_scoreΓëÑ70 ΓåÆ TP=20%        24.8%     52%   38.3%     66%         +139.3%     82.0%  64.9%  34.8%          +36.1%     86.2%
 11  vix_TP30/25       vix_scoreΓëÑ70 ΓåÆ TP=25%        27.4%     52%   38.3%     66%         +355.9%     72.7%  63.5%  36.2%         +215.6%     75.0%
 12  vix_TP30/35       vix_scoreΓëÑ70 ΓåÆ TP=35%        32.6%     52%   38.3%     66%         +483.7%     72.1%  61.2%  38.4%         +322.9%     71.7%
 13  vix_TP30/40       vix_scoreΓëÑ70 ΓåÆ TP=40%        35.2%     52%   38.3%     66%         +377.7%     74.3%  59.7%  39.8%         +255.8%     74.6%

ΓöÇΓöÇΓöÇΓöÇΓöÇΓöÇΓöÇΓöÇΓöÇΓöÇΓöÇΓöÇΓöÇΓöÇΓöÇΓöÇΓöÇΓöÇΓöÇΓöÇΓöÇΓöÇΓöÇΓöÇΓöÇΓöÇΓöÇΓöÇΓöÇΓöÇΓöÇΓöÇΓöÇΓöÇΓöÇΓöÇΓöÇΓöÇΓöÇΓöÇΓöÇΓöÇΓöÇΓöÇΓöÇΓöÇΓöÇΓöÇΓöÇΓöÇΓöÇΓöÇΓöÇΓöÇΓöÇΓöÇΓöÇΓöÇΓöÇΓöÇΓöÇΓöÇΓöÇΓöÇΓöÇΓöÇΓöÇΓöÇΓöÇΓöÇΓöÇΓöÇΓöÇΓöÇΓöÇΓöÇΓöÇΓöÇΓöÇΓöÇΓöÇΓöÇΓöÇΓöÇΓöÇΓöÇΓöÇΓöÇΓöÇΓöÇΓöÇΓöÇΓöÇΓöÇΓöÇΓöÇΓöÇΓöÇΓöÇΓöÇΓöÇΓöÇΓöÇΓöÇΓöÇΓöÇΓöÇΓöÇΓöÇΓöÇΓöÇΓöÇΓöÇΓöÇΓöÇΓöÇΓöÇΓöÇΓöÇΓöÇΓöÇΓöÇΓöÇΓöÇΓöÇΓöÇΓöÇΓöÇΓöÇΓöÇΓöÇΓöÇΓöÇΓöÇΓöÇΓöÇΓöÇΓöÇΓöÇΓöÇΓöÇΓöÇΓöÇΓöÇΓöÇΓöÇΓöÇΓöÇΓöÇΓöÇΓöÇΓöÇΓöÇΓöÇΓöÇΓöÇΓöÇΓöÇΓöÇΓöÇ
RANKED ΓÇö 2022 ΓÇö Realistic (sorted by mean return)
ΓöÇΓöÇΓöÇΓöÇΓöÇΓöÇΓöÇΓöÇΓöÇΓöÇΓöÇΓöÇΓöÇΓöÇΓöÇΓöÇΓöÇΓöÇΓöÇΓöÇΓöÇΓöÇΓöÇΓöÇΓöÇΓöÇΓöÇΓöÇΓöÇΓöÇΓöÇΓöÇΓöÇΓöÇΓöÇΓöÇΓöÇΓöÇΓöÇΓöÇΓöÇΓöÇΓöÇΓöÇΓöÇΓöÇΓöÇΓöÇΓöÇΓöÇΓöÇΓöÇΓöÇΓöÇΓöÇΓöÇΓöÇΓöÇΓöÇΓöÇΓöÇΓöÇΓöÇΓöÇΓöÇΓöÇΓöÇΓöÇΓöÇΓöÇΓöÇΓöÇΓöÇΓöÇΓöÇΓöÇΓöÇΓöÇΓöÇΓöÇΓöÇΓöÇΓöÇΓöÇΓöÇΓöÇΓöÇΓöÇΓöÇΓöÇΓöÇΓöÇΓöÇΓöÇΓöÇΓöÇΓöÇΓöÇΓöÇΓöÇΓöÇΓöÇΓöÇΓöÇΓöÇΓöÇΓöÇΓöÇΓöÇΓöÇΓöÇΓöÇΓöÇΓöÇΓöÇΓöÇΓöÇΓöÇΓöÇΓöÇΓöÇΓöÇΓöÇΓöÇΓöÇΓöÇΓöÇΓöÇΓöÇΓöÇΓöÇΓöÇΓöÇΓöÇΓöÇΓöÇΓöÇΓöÇΓöÇΓöÇΓöÇΓöÇΓöÇΓöÇΓöÇΓöÇΓöÇΓöÇΓöÇΓöÇΓöÇΓöÇΓöÇΓöÇΓöÇΓöÇΓöÇΓöÇΓöÇΓöÇ
 Rk  Rule              Description                  AvgTP  TPstr%         MeanRet          MedRet   WorstDD   MeanDD    TP%    SL%   P(c)
ΓöÇΓöÇΓöÇΓöÇΓöÇΓöÇΓöÇΓöÇΓöÇΓöÇΓöÇΓöÇΓöÇΓöÇΓöÇΓöÇΓöÇΓöÇΓöÇΓöÇΓöÇΓöÇΓöÇΓöÇΓöÇΓöÇΓöÇΓöÇΓöÇΓöÇΓöÇΓöÇΓöÇΓöÇΓöÇΓöÇΓöÇΓöÇΓöÇΓöÇΓöÇΓöÇΓöÇΓöÇΓöÇΓöÇΓöÇΓöÇΓöÇΓöÇΓöÇΓöÇΓöÇΓöÇΓöÇΓöÇΓöÇΓöÇΓöÇΓöÇΓöÇΓöÇΓöÇΓöÇΓöÇΓöÇΓöÇΓöÇΓöÇΓöÇΓöÇΓöÇΓöÇΓöÇΓöÇΓöÇΓöÇΓöÇΓöÇΓöÇΓöÇΓöÇΓöÇΓöÇΓöÇΓöÇΓöÇΓöÇΓöÇΓöÇΓöÇΓöÇΓöÇΓöÇΓöÇΓöÇΓöÇΓöÇΓöÇΓöÇΓöÇΓöÇΓöÇΓöÇΓöÇΓöÇΓöÇΓöÇΓöÇΓöÇΓöÇΓöÇΓöÇΓöÇΓöÇΓöÇΓöÇΓöÇΓöÇΓöÇΓöÇΓöÇΓöÇΓöÇΓöÇΓöÇΓöÇΓöÇΓöÇΓöÇΓöÇΓöÇΓöÇΓöÇΓöÇΓöÇΓöÇΓöÇΓöÇΓöÇΓöÇΓöÇΓöÇΓöÇΓöÇΓöÇΓöÇΓöÇΓöÇΓöÇΓöÇΓöÇΓöÇΓöÇΓöÇΓöÇΓöÇΓöÇΓöÇΓöÇ
  1  fixed_TP30        Fixed TP=30% (baseline)      30.0%      0%         +637.7%         +637.2%     70.7%    67.1%  62.6%  37.1%   0.0% Γùå
  2  vix_TP30/35       vix_scoreΓëÑ70 ΓåÆ TP=35%        32.6%     52%         +483.7%         +461.8%     72.1%    68.8%  61.2%  38.4%   0.0%
  3  brd_TP30/35       brd_invΓëÑ50 ΓåÆ TP=35%          33.3%     66%         +465.2%         +441.5%     71.2%    68.6%  60.5%  39.0%   0.0%
  4  brd_TP30/25       brd_invΓëÑ50 ΓåÆ TP=25%          26.7%     66%         +435.1%         +422.2%     72.8%    66.8%  64.5%  35.2%   0.0%
  5  comp_TP30/35      compΓëÑ50 ΓåÆ TP=35%             33.9%     78%         +407.8%         +391.8%     72.9%    68.6%  60.1%  39.5%   0.0%
  6  vix_TP30/40       vix_scoreΓëÑ70 ΓåÆ TP=40%        35.2%     52%         +377.7%         +357.6%     74.3%    67.0%  59.7%  39.8%   0.0%
  7  vix_TP30/25       vix_scoreΓëÑ70 ΓåÆ TP=25%        27.4%     52%         +355.9%         +350.1%     72.7%    66.7%  63.5%  36.2%   0.0%
  8  comp_TP30/25      compΓëÑ50 ΓåÆ TP=25%             26.1%     78%         +307.0%         +291.9%     73.6%    67.6%  64.7%  34.9%   0.0%
  9  brd_TP30/40       brd_invΓëÑ50 ΓåÆ TP=40%          36.6%     66%         +198.1%         +186.9%     77.9%    70.8%  58.2%  41.4%   0.0%
 10  comp_TP30/40      compΓëÑ50 ΓåÆ TP=40%             37.8%     78%         +150.0%         +135.2%     76.2%    70.9%  57.4%  42.2%   0.0%
 11  vix_TP30/20       vix_scoreΓëÑ70 ΓåÆ TP=20%        24.8%     52%         +139.3%         +130.2%     82.0%    72.3%  64.9%  34.8%   0.0%
 12  brd_TP30/20       brd_invΓëÑ50 ΓåÆ TP=20%          23.4%     66%          +72.0%          +68.9%     81.7%    71.5%  65.6%  34.0%   0.0%
 13  comp_TP30/20      compΓëÑ50 ΓåÆ TP=20%             22.2%     78%          +51.8%          +47.2%     85.2%    74.0%  66.5%  33.2%   0.0%

ΓöÇΓöÇΓöÇΓöÇΓöÇΓöÇΓöÇΓöÇΓöÇΓöÇΓöÇΓöÇΓöÇΓöÇΓöÇΓöÇΓöÇΓöÇΓöÇΓöÇΓöÇΓöÇΓöÇΓöÇΓöÇΓöÇΓöÇΓöÇΓöÇΓöÇΓöÇΓöÇΓöÇΓöÇΓöÇΓöÇΓöÇΓöÇΓöÇΓöÇΓöÇΓöÇΓöÇΓöÇΓöÇΓöÇΓöÇΓöÇΓöÇΓöÇΓöÇΓöÇΓöÇΓöÇΓöÇΓöÇΓöÇΓöÇΓöÇΓöÇΓöÇΓöÇΓöÇΓöÇΓöÇΓöÇΓöÇΓöÇΓöÇΓöÇΓöÇΓöÇΓöÇΓöÇΓöÇΓöÇΓöÇΓöÇΓöÇΓöÇΓöÇΓöÇΓöÇΓöÇΓöÇΓöÇΓöÇΓöÇΓöÇΓöÇΓöÇΓöÇΓöÇΓöÇΓöÇΓöÇΓöÇΓöÇΓöÇΓöÇΓöÇΓöÇΓöÇΓöÇΓöÇΓöÇΓöÇΓöÇΓöÇΓöÇΓöÇΓöÇΓöÇΓöÇΓöÇΓöÇΓöÇΓöÇΓöÇΓöÇΓöÇΓöÇΓöÇΓöÇΓöÇΓöÇΓöÇΓöÇΓöÇΓöÇΓöÇΓöÇΓöÇΓöÇΓöÇΓöÇΓöÇΓöÇΓöÇΓöÇ
DELTA vs fixed_TP30 ΓÇö 2022 ΓÇö Realistic
ΓöÇΓöÇΓöÇΓöÇΓöÇΓöÇΓöÇΓöÇΓöÇΓöÇΓöÇΓöÇΓöÇΓöÇΓöÇΓöÇΓöÇΓöÇΓöÇΓöÇΓöÇΓöÇΓöÇΓöÇΓöÇΓöÇΓöÇΓöÇΓöÇΓöÇΓöÇΓöÇΓöÇΓöÇΓöÇΓöÇΓöÇΓöÇΓöÇΓöÇΓöÇΓöÇΓöÇΓöÇΓöÇΓöÇΓöÇΓöÇΓöÇΓöÇΓöÇΓöÇΓöÇΓöÇΓöÇΓöÇΓöÇΓöÇΓöÇΓöÇΓöÇΓöÇΓöÇΓöÇΓöÇΓöÇΓöÇΓöÇΓöÇΓöÇΓöÇΓöÇΓöÇΓöÇΓöÇΓöÇΓöÇΓöÇΓöÇΓöÇΓöÇΓöÇΓöÇΓöÇΓöÇΓöÇΓöÇΓöÇΓöÇΓöÇΓöÇΓöÇΓöÇΓöÇΓöÇΓöÇΓöÇΓöÇΓöÇΓöÇΓöÇΓöÇΓöÇΓöÇΓöÇΓöÇΓöÇΓöÇΓöÇΓöÇΓöÇΓöÇΓöÇΓöÇΓöÇΓöÇΓöÇΓöÇΓöÇΓöÇΓöÇΓöÇΓöÇΓöÇΓöÇΓöÇΓöÇΓöÇΓöÇΓöÇΓöÇΓöÇΓöÇΓöÇΓöÇΓöÇΓöÇΓöÇΓöÇΓöÇ
Rule              Description                           ╬öRet       ╬öDD      ╬öTP  TPstr%      Source
ΓöÇΓöÇΓöÇΓöÇΓöÇΓöÇΓöÇΓöÇΓöÇΓöÇΓöÇΓöÇΓöÇΓöÇΓöÇΓöÇΓöÇΓöÇΓöÇΓöÇΓöÇΓöÇΓöÇΓöÇΓöÇΓöÇΓöÇΓöÇΓöÇΓöÇΓöÇΓöÇΓöÇΓöÇΓöÇΓöÇΓöÇΓöÇΓöÇΓöÇΓöÇΓöÇΓöÇΓöÇΓöÇΓöÇΓöÇΓöÇΓöÇΓöÇΓöÇΓöÇΓöÇΓöÇΓöÇΓöÇΓöÇΓöÇΓöÇΓöÇΓöÇΓöÇΓöÇΓöÇΓöÇΓöÇΓöÇΓöÇΓöÇΓöÇΓöÇΓöÇΓöÇΓöÇΓöÇΓöÇΓöÇΓöÇΓöÇΓöÇΓöÇΓöÇΓöÇΓöÇΓöÇΓöÇΓöÇΓöÇΓöÇΓöÇΓöÇΓöÇΓöÇΓöÇΓöÇΓöÇΓöÇΓöÇΓöÇΓöÇΓöÇΓöÇΓöÇΓöÇΓöÇΓöÇΓöÇΓöÇΓöÇΓöÇΓöÇΓöÇΓöÇΓöÇΓöÇΓöÇΓöÇΓöÇΓöÇΓöÇΓöÇΓöÇΓöÇΓöÇΓöÇΓöÇΓöÇΓöÇΓöÇΓöÇΓöÇΓöÇΓöÇΓöÇΓöÇΓöÇΓöÇΓöÇΓöÇΓöÇ
vix_TP30/35       vix_scoreΓëÑ70 ΓåÆ TP=35%              -154.0%     +1.3%    -1.4%     52%   vix_score  Γû╝
brd_TP30/35       brd_invΓëÑ50 ΓåÆ TP=35%                -172.5%     +0.5%    -2.1%     66%     brd_inv  Γû╝
brd_TP30/25       brd_invΓëÑ50 ΓåÆ TP=25%                -202.7%     +2.1%    +1.9%     66%     brd_inv  Γû╝
comp_TP30/35      compΓëÑ50 ΓåÆ TP=35%                   -230.0%     +2.1%    -2.6%     78%   composite  Γû╝
vix_TP30/40       vix_scoreΓëÑ70 ΓåÆ TP=40%              -260.0%     +3.5%    -2.9%     52%   vix_score  Γû╝
vix_TP30/25       vix_scoreΓëÑ70 ΓåÆ TP=25%              -281.9%     +2.0%    +0.9%     52%   vix_score  Γû╝
comp_TP30/25      compΓëÑ50 ΓåÆ TP=25%                   -330.7%     +2.9%    +2.1%     78%   composite  Γû╝
brd_TP30/40       brd_invΓëÑ50 ΓåÆ TP=40%                -439.6%     +7.1%    -4.4%     66%     brd_inv  Γû╝
comp_TP30/40      compΓëÑ50 ΓåÆ TP=40%                   -487.7%     +5.5%    -5.2%     78%   composite  Γû╝
vix_TP30/20       vix_scoreΓëÑ70 ΓåÆ TP=20%              -498.5%    +11.3%    +2.3%     52%   vix_score  Γû╝
brd_TP30/20       brd_invΓëÑ50 ΓåÆ TP=20%                -565.7%    +10.9%    +3.0%     66%     brd_inv  Γû╝
comp_TP30/20      compΓëÑ50 ΓåÆ TP=20%                   -585.9%    +14.5%    +3.9%     78%   composite  Γû╝

================================================================================================================================================================
WINDOW: 2023  (2023-01-01 -> 2023-12-31)
================================================================================================================================================================
Signals: 2,556 (75+=618, 70-74=1,938)
Precomputing bar data... done (2,556 valid trades)

Signal source statistics (dates in window):
   composite: mean= 42.3  p10= 26.9  p50= 40.5  p90= 61.0  ΓëÑ50:  29%  ΓëÑ60:  12%  ΓëÑ70:   3%  (N=255)
   vix_score: mean= 36.1  p10= 15.4  p50= 32.8  p90= 60.1  ΓëÑ50:  23%  ΓëÑ60:  11%  ΓëÑ70:   4%  (N=255)
     brd_inv: mean= 43.1  p10= 26.5  p50= 42.6  p90= 60.8  ΓëÑ50:  30%  ΓëÑ60:  13%  ΓëÑ70:   2%  (N=255)

  #  Rule              Description                  AvgTP  TPstr%   AvgSL  SLstr%            ΓÇö Realistic ΓÇö               ΓÇö Conservative ΓÇö  
                                                                                          MeanRet   WorstDD    TP%    SL%         MeanRet   WorstDD
ΓöÇΓöÇΓöÇΓöÇΓöÇΓöÇΓöÇΓöÇΓöÇΓöÇΓöÇΓöÇΓöÇΓöÇΓöÇΓöÇΓöÇΓöÇΓöÇΓöÇΓöÇΓöÇΓöÇΓöÇΓöÇΓöÇΓöÇΓöÇΓöÇΓöÇΓöÇΓöÇΓöÇΓöÇΓöÇΓöÇΓöÇΓöÇΓöÇΓöÇΓöÇΓöÇΓöÇΓöÇΓöÇΓöÇΓöÇΓöÇΓöÇΓöÇΓöÇΓöÇΓöÇΓöÇΓöÇΓöÇΓöÇΓöÇΓöÇΓöÇΓöÇΓöÇΓöÇΓöÇΓöÇΓöÇΓöÇΓöÇΓöÇΓöÇΓöÇΓöÇΓöÇΓöÇΓöÇΓöÇΓöÇΓöÇΓöÇΓöÇΓöÇΓöÇΓöÇΓöÇΓöÇΓöÇΓöÇΓöÇΓöÇΓöÇΓöÇΓöÇΓöÇΓöÇΓöÇΓöÇΓöÇΓöÇΓöÇΓöÇΓöÇΓöÇΓöÇΓöÇΓöÇΓöÇΓöÇΓöÇΓöÇΓöÇΓöÇΓöÇΓöÇΓöÇΓöÇΓöÇΓöÇΓöÇΓöÇΓöÇΓöÇΓöÇΓöÇΓöÇΓöÇΓöÇΓöÇΓöÇΓöÇΓöÇΓöÇΓöÇΓöÇΓöÇΓöÇΓöÇΓöÇΓöÇΓöÇΓöÇΓöÇΓöÇΓöÇΓöÇΓöÇΓöÇΓöÇΓöÇΓöÇΓöÇΓöÇΓöÇΓöÇΓöÇΓöÇΓöÇΓöÇΓöÇΓöÇΓöÇ
  1  fixed_TP30        Fixed TP=30% (baseline)      30.0%      0%   37.7%     53%       +2,445.6%     57.3%  65.8%  33.7%       +2,070.1%     57.4%
  2  comp_TP30/20      compΓëÑ50 ΓåÆ TP=20%             24.8%     52%   37.7%     53%       +1,383.6%     64.1%  68.5%  31.0%         +953.1%     64.8%
  3  comp_TP30/25      compΓëÑ50 ΓåÆ TP=25%             27.4%     52%   37.7%     53%       +1,806.1%     58.2%  67.0%  32.5%       +1,433.4%     59.8%
  4  comp_TP30/35      compΓëÑ50 ΓåÆ TP=35%             32.6%     52%   37.7%     53%       +3,269.5%     53.6%  64.7%  34.6%       +2,872.1%     53.6%
  5  comp_TP30/40      compΓëÑ50 ΓåÆ TP=40%             35.2%     52%   37.7%     53%       +2,584.9%     52.5%  63.5%  35.7%       +2,270.3%     53.8%
  6  brd_TP30/20       brd_invΓëÑ50 ΓåÆ TP=20%          24.7%     53%   37.7%     53%       +1,368.7%     57.9%  68.5%  31.0%         +995.8%     59.9%
  7  brd_TP30/25       brd_invΓëÑ50 ΓåÆ TP=25%          27.3%     53%   37.7%     53%       +1,789.6%     57.7%  67.0%  32.5%       +1,441.7%     59.1%
  8  brd_TP30/35       brd_invΓëÑ50 ΓåÆ TP=35%          32.7%     53%   37.7%     53%       +2,667.7%     53.6%  64.3%  35.0%       +2,344.0%     53.6%
  9  brd_TP30/40       brd_invΓëÑ50 ΓåÆ TP=40%          35.3%     53%   37.7%     53%       +2,239.0%     53.7%  63.2%  36.0%       +1,943.4%     54.3%
 10  vix_TP30/20       vix_scoreΓëÑ70 ΓåÆ TP=20%        29.3%      7%   37.7%     53%       +1,976.5%     56.4%  66.0%  33.5%       +1,661.2%     57.4%
 11  vix_TP30/25       vix_scoreΓëÑ70 ΓåÆ TP=25%        29.6%      7%   37.7%     53%       +2,134.1%     56.3%  65.8%  33.7%       +1,761.5%     57.4%
 12  vix_TP30/35       vix_scoreΓëÑ70 ΓåÆ TP=35%        30.4%      7%   37.7%     53%       +2,586.4%     57.4%  65.8%  33.7%       +2,192.1%     57.4%
 13  vix_TP30/40       vix_scoreΓëÑ70 ΓåÆ TP=40%        30.7%      7%   37.7%     53%       +2,862.6%     57.4%  65.7%  33.8%       +2,446.8%     57.3%

ΓöÇΓöÇΓöÇΓöÇΓöÇΓöÇΓöÇΓöÇΓöÇΓöÇΓöÇΓöÇΓöÇΓöÇΓöÇΓöÇΓöÇΓöÇΓöÇΓöÇΓöÇΓöÇΓöÇΓöÇΓöÇΓöÇΓöÇΓöÇΓöÇΓöÇΓöÇΓöÇΓöÇΓöÇΓöÇΓöÇΓöÇΓöÇΓöÇΓöÇΓöÇΓöÇΓöÇΓöÇΓöÇΓöÇΓöÇΓöÇΓöÇΓöÇΓöÇΓöÇΓöÇΓöÇΓöÇΓöÇΓöÇΓöÇΓöÇΓöÇΓöÇΓöÇΓöÇΓöÇΓöÇΓöÇΓöÇΓöÇΓöÇΓöÇΓöÇΓöÇΓöÇΓöÇΓöÇΓöÇΓöÇΓöÇΓöÇΓöÇΓöÇΓöÇΓöÇΓöÇΓöÇΓöÇΓöÇΓöÇΓöÇΓöÇΓöÇΓöÇΓöÇΓöÇΓöÇΓöÇΓöÇΓöÇΓöÇΓöÇΓöÇΓöÇΓöÇΓöÇΓöÇΓöÇΓöÇΓöÇΓöÇΓöÇΓöÇΓöÇΓöÇΓöÇΓöÇΓöÇΓöÇΓöÇΓöÇΓöÇΓöÇΓöÇΓöÇΓöÇΓöÇΓöÇΓöÇΓöÇΓöÇΓöÇΓöÇΓöÇΓöÇΓöÇΓöÇΓöÇΓöÇΓöÇΓöÇΓöÇΓöÇΓöÇΓöÇΓöÇΓöÇΓöÇΓöÇΓöÇΓöÇΓöÇΓöÇΓöÇΓöÇΓöÇΓöÇΓöÇΓöÇΓöÇΓöÇΓöÇ
RANKED ΓÇö 2023 ΓÇö Realistic (sorted by mean return)
ΓöÇΓöÇΓöÇΓöÇΓöÇΓöÇΓöÇΓöÇΓöÇΓöÇΓöÇΓöÇΓöÇΓöÇΓöÇΓöÇΓöÇΓöÇΓöÇΓöÇΓöÇΓöÇΓöÇΓöÇΓöÇΓöÇΓöÇΓöÇΓöÇΓöÇΓöÇΓöÇΓöÇΓöÇΓöÇΓöÇΓöÇΓöÇΓöÇΓöÇΓöÇΓöÇΓöÇΓöÇΓöÇΓöÇΓöÇΓöÇΓöÇΓöÇΓöÇΓöÇΓöÇΓöÇΓöÇΓöÇΓöÇΓöÇΓöÇΓöÇΓöÇΓöÇΓöÇΓöÇΓöÇΓöÇΓöÇΓöÇΓöÇΓöÇΓöÇΓöÇΓöÇΓöÇΓöÇΓöÇΓöÇΓöÇΓöÇΓöÇΓöÇΓöÇΓöÇΓöÇΓöÇΓöÇΓöÇΓöÇΓöÇΓöÇΓöÇΓöÇΓöÇΓöÇΓöÇΓöÇΓöÇΓöÇΓöÇΓöÇΓöÇΓöÇΓöÇΓöÇΓöÇΓöÇΓöÇΓöÇΓöÇΓöÇΓöÇΓöÇΓöÇΓöÇΓöÇΓöÇΓöÇΓöÇΓöÇΓöÇΓöÇΓöÇΓöÇΓöÇΓöÇΓöÇΓöÇΓöÇΓöÇΓöÇΓöÇΓöÇΓöÇΓöÇΓöÇΓöÇΓöÇΓöÇΓöÇΓöÇΓöÇΓöÇΓöÇΓöÇΓöÇΓöÇΓöÇΓöÇΓöÇΓöÇΓöÇΓöÇΓöÇΓöÇΓöÇΓöÇΓöÇΓöÇΓöÇΓöÇ
 Rk  Rule              Description                  AvgTP  TPstr%         MeanRet          MedRet   WorstDD   MeanDD    TP%    SL%   P(c)
ΓöÇΓöÇΓöÇΓöÇΓöÇΓöÇΓöÇΓöÇΓöÇΓöÇΓöÇΓöÇΓöÇΓöÇΓöÇΓöÇΓöÇΓöÇΓöÇΓöÇΓöÇΓöÇΓöÇΓöÇΓöÇΓöÇΓöÇΓöÇΓöÇΓöÇΓöÇΓöÇΓöÇΓöÇΓöÇΓöÇΓöÇΓöÇΓöÇΓöÇΓöÇΓöÇΓöÇΓöÇΓöÇΓöÇΓöÇΓöÇΓöÇΓöÇΓöÇΓöÇΓöÇΓöÇΓöÇΓöÇΓöÇΓöÇΓöÇΓöÇΓöÇΓöÇΓöÇΓöÇΓöÇΓöÇΓöÇΓöÇΓöÇΓöÇΓöÇΓöÇΓöÇΓöÇΓöÇΓöÇΓöÇΓöÇΓöÇΓöÇΓöÇΓöÇΓöÇΓöÇΓöÇΓöÇΓöÇΓöÇΓöÇΓöÇΓöÇΓöÇΓöÇΓöÇΓöÇΓöÇΓöÇΓöÇΓöÇΓöÇΓöÇΓöÇΓöÇΓöÇΓöÇΓöÇΓöÇΓöÇΓöÇΓöÇΓöÇΓöÇΓöÇΓöÇΓöÇΓöÇΓöÇΓöÇΓöÇΓöÇΓöÇΓöÇΓöÇΓöÇΓöÇΓöÇΓöÇΓöÇΓöÇΓöÇΓöÇΓöÇΓöÇΓöÇΓöÇΓöÇΓöÇΓöÇΓöÇΓöÇΓöÇΓöÇΓöÇΓöÇΓöÇΓöÇΓöÇΓöÇΓöÇΓöÇΓöÇΓöÇΓöÇΓöÇΓöÇΓöÇΓöÇΓöÇΓöÇΓöÇ
  1  comp_TP30/35      compΓëÑ50 ΓåÆ TP=35%             32.6%     52%       +3,269.5%       +3,244.9%     53.6%    47.6%  64.7%  34.6%   0.0%
  2  vix_TP30/40       vix_scoreΓëÑ70 ΓåÆ TP=40%        30.7%      7%       +2,862.6%       +2,817.0%     57.4%    50.4%  65.7%  33.8%   0.0%
  3  brd_TP30/35       brd_invΓëÑ50 ΓåÆ TP=35%          32.7%     53%       +2,667.7%       +2,640.6%     53.6%    47.4%  64.3%  35.0%   0.0%
  4  vix_TP30/35       vix_scoreΓëÑ70 ΓåÆ TP=35%        30.4%      7%       +2,586.4%       +2,547.2%     57.4%    50.4%  65.8%  33.7%   0.0%
  5  comp_TP30/40      compΓëÑ50 ΓåÆ TP=40%             35.2%     52%       +2,584.9%       +2,525.4%     52.5%    46.8%  63.5%  35.7%   0.0%
  6  fixed_TP30        Fixed TP=30% (baseline)      30.0%      0%       +2,445.6%       +2,410.3%     57.3%    50.5%  65.8%  33.7%   0.0% Γùå
  7  brd_TP30/40       brd_invΓëÑ50 ΓåÆ TP=40%          35.3%     53%       +2,239.0%       +2,204.6%     53.7%    47.6%  63.2%  36.0%   0.0%
  8  vix_TP30/25       vix_scoreΓëÑ70 ΓåÆ TP=25%        29.6%      7%       +2,134.1%       +2,069.8%     56.3%    50.5%  65.8%  33.7%   0.0%
  9  vix_TP30/20       vix_scoreΓëÑ70 ΓåÆ TP=20%        29.3%      7%       +1,976.5%       +1,918.0%     56.4%    50.8%  66.0%  33.5%   0.0%
 10  comp_TP30/25      compΓëÑ50 ΓåÆ TP=25%             27.4%     52%       +1,806.1%       +1,737.3%     58.2%    51.3%  67.0%  32.5%   0.0%
 11  brd_TP30/25       brd_invΓëÑ50 ΓåÆ TP=25%          27.3%     53%       +1,789.6%       +1,746.5%     57.7%    51.7%  67.0%  32.5%   0.0%
 12  comp_TP30/20      compΓëÑ50 ΓåÆ TP=20%             24.8%     52%       +1,383.6%       +1,340.3%     64.1%    53.7%  68.5%  31.0%   0.0%
 13  brd_TP30/20       brd_invΓëÑ50 ΓåÆ TP=20%          24.7%     53%       +1,368.7%       +1,329.9%     57.9%    50.8%  68.5%  31.0%   0.0%

ΓöÇΓöÇΓöÇΓöÇΓöÇΓöÇΓöÇΓöÇΓöÇΓöÇΓöÇΓöÇΓöÇΓöÇΓöÇΓöÇΓöÇΓöÇΓöÇΓöÇΓöÇΓöÇΓöÇΓöÇΓöÇΓöÇΓöÇΓöÇΓöÇΓöÇΓöÇΓöÇΓöÇΓöÇΓöÇΓöÇΓöÇΓöÇΓöÇΓöÇΓöÇΓöÇΓöÇΓöÇΓöÇΓöÇΓöÇΓöÇΓöÇΓöÇΓöÇΓöÇΓöÇΓöÇΓöÇΓöÇΓöÇΓöÇΓöÇΓöÇΓöÇΓöÇΓöÇΓöÇΓöÇΓöÇΓöÇΓöÇΓöÇΓöÇΓöÇΓöÇΓöÇΓöÇΓöÇΓöÇΓöÇΓöÇΓöÇΓöÇΓöÇΓöÇΓöÇΓöÇΓöÇΓöÇΓöÇΓöÇΓöÇΓöÇΓöÇΓöÇΓöÇΓöÇΓöÇΓöÇΓöÇΓöÇΓöÇΓöÇΓöÇΓöÇΓöÇΓöÇΓöÇΓöÇΓöÇΓöÇΓöÇΓöÇΓöÇΓöÇΓöÇΓöÇΓöÇΓöÇΓöÇΓöÇΓöÇΓöÇΓöÇΓöÇΓöÇΓöÇΓöÇΓöÇΓöÇΓöÇΓöÇΓöÇΓöÇΓöÇΓöÇΓöÇΓöÇΓöÇΓöÇΓöÇΓöÇΓöÇ
DELTA vs fixed_TP30 ΓÇö 2023 ΓÇö Realistic
ΓöÇΓöÇΓöÇΓöÇΓöÇΓöÇΓöÇΓöÇΓöÇΓöÇΓöÇΓöÇΓöÇΓöÇΓöÇΓöÇΓöÇΓöÇΓöÇΓöÇΓöÇΓöÇΓöÇΓöÇΓöÇΓöÇΓöÇΓöÇΓöÇΓöÇΓöÇΓöÇΓöÇΓöÇΓöÇΓöÇΓöÇΓöÇΓöÇΓöÇΓöÇΓöÇΓöÇΓöÇΓöÇΓöÇΓöÇΓöÇΓöÇΓöÇΓöÇΓöÇΓöÇΓöÇΓöÇΓöÇΓöÇΓöÇΓöÇΓöÇΓöÇΓöÇΓöÇΓöÇΓöÇΓöÇΓöÇΓöÇΓöÇΓöÇΓöÇΓöÇΓöÇΓöÇΓöÇΓöÇΓöÇΓöÇΓöÇΓöÇΓöÇΓöÇΓöÇΓöÇΓöÇΓöÇΓöÇΓöÇΓöÇΓöÇΓöÇΓöÇΓöÇΓöÇΓöÇΓöÇΓöÇΓöÇΓöÇΓöÇΓöÇΓöÇΓöÇΓöÇΓöÇΓöÇΓöÇΓöÇΓöÇΓöÇΓöÇΓöÇΓöÇΓöÇΓöÇΓöÇΓöÇΓöÇΓöÇΓöÇΓöÇΓöÇΓöÇΓöÇΓöÇΓöÇΓöÇΓöÇΓöÇΓöÇΓöÇΓöÇΓöÇΓöÇΓöÇΓöÇΓöÇΓöÇΓöÇΓöÇ
Rule              Description                           ╬öRet       ╬öDD      ╬öTP  TPstr%      Source
ΓöÇΓöÇΓöÇΓöÇΓöÇΓöÇΓöÇΓöÇΓöÇΓöÇΓöÇΓöÇΓöÇΓöÇΓöÇΓöÇΓöÇΓöÇΓöÇΓöÇΓöÇΓöÇΓöÇΓöÇΓöÇΓöÇΓöÇΓöÇΓöÇΓöÇΓöÇΓöÇΓöÇΓöÇΓöÇΓöÇΓöÇΓöÇΓöÇΓöÇΓöÇΓöÇΓöÇΓöÇΓöÇΓöÇΓöÇΓöÇΓöÇΓöÇΓöÇΓöÇΓöÇΓöÇΓöÇΓöÇΓöÇΓöÇΓöÇΓöÇΓöÇΓöÇΓöÇΓöÇΓöÇΓöÇΓöÇΓöÇΓöÇΓöÇΓöÇΓöÇΓöÇΓöÇΓöÇΓöÇΓöÇΓöÇΓöÇΓöÇΓöÇΓöÇΓöÇΓöÇΓöÇΓöÇΓöÇΓöÇΓöÇΓöÇΓöÇΓöÇΓöÇΓöÇΓöÇΓöÇΓöÇΓöÇΓöÇΓöÇΓöÇΓöÇΓöÇΓöÇΓöÇΓöÇΓöÇΓöÇΓöÇΓöÇΓöÇΓöÇΓöÇΓöÇΓöÇΓöÇΓöÇΓöÇΓöÇΓöÇΓöÇΓöÇΓöÇΓöÇΓöÇΓöÇΓöÇΓöÇΓöÇΓöÇΓöÇΓöÇΓöÇΓöÇΓöÇΓöÇΓöÇΓöÇΓöÇΓöÇ
comp_TP30/35      compΓëÑ50 ΓåÆ TP=35%                   +823.8%     -3.7%    -1.1%     52%   composite  Γû▓
vix_TP30/40       vix_scoreΓëÑ70 ΓåÆ TP=40%              +417.0%     +0.1%    -0.1%      7%   vix_score  Γû▓
brd_TP30/35       brd_invΓëÑ50 ΓåÆ TP=35%                +222.1%     -3.7%    -1.6%     53%     brd_inv  Γû▓
vix_TP30/35       vix_scoreΓëÑ70 ΓåÆ TP=35%              +140.7%     +0.1%    -0.1%      7%   vix_score  Γû▓
comp_TP30/40      compΓëÑ50 ΓåÆ TP=40%                   +139.3%     -4.8%    -2.3%     52%   composite  Γû▓
brd_TP30/40       brd_invΓëÑ50 ΓåÆ TP=40%                -206.6%     -3.6%    -2.7%     53%     brd_inv  Γû╝
vix_TP30/25       vix_scoreΓëÑ70 ΓåÆ TP=25%              -311.5%     -1.0%    -0.0%      7%   vix_score  Γû╝
vix_TP30/20       vix_scoreΓëÑ70 ΓåÆ TP=20%              -469.1%     -0.9%    +0.2%      7%   vix_score  Γû╝
comp_TP30/25      compΓëÑ50 ΓåÆ TP=25%                   -639.6%     +0.9%    +1.2%     52%   composite  Γû╝
brd_TP30/25       brd_invΓëÑ50 ΓåÆ TP=25%                -656.0%     +0.4%    +1.2%     53%     brd_inv  Γû╝
comp_TP30/20      compΓëÑ50 ΓåÆ TP=20%                 -1,062.0%     +6.8%    +2.7%     52%   composite  Γû╝
brd_TP30/20       brd_invΓëÑ50 ΓåÆ TP=20%              -1,076.9%     +0.6%    +2.7%     53%     brd_inv  Γû╝

================================================================================================================================================================
WINDOW: 2024  (2024-01-01 -> 2024-12-31)
================================================================================================================================================================
Signals: 5,030 (75+=1,364, 70-74=3,666)
Precomputing bar data... done (5,030 valid trades)

Signal source statistics (dates in window):
   composite: mean= 43.3  p10= 30.4  p50= 42.3  p90= 57.7  ΓëÑ50:  21%  ΓëÑ60:   8%  ΓëÑ70:   2%  (N=257)
   vix_score: mean= 36.5  p10= 13.8  p50= 33.2  p90= 62.8  ΓëÑ50:  26%  ΓëÑ60:  13%  ΓëÑ70:   5%  (N=257)
     brd_inv: mean= 43.1  p10= 31.3  p50= 43.0  p90= 53.9  ΓëÑ50:  18%  ΓëÑ60:   5%  ΓëÑ70:   2%  (N=257)

  #  Rule              Description                  AvgTP  TPstr%   AvgSL  SLstr%            ΓÇö Realistic ΓÇö               ΓÇö Conservative ΓÇö  
                                                                                          MeanRet   WorstDD    TP%    SL%         MeanRet   WorstDD
ΓöÇΓöÇΓöÇΓöÇΓöÇΓöÇΓöÇΓöÇΓöÇΓöÇΓöÇΓöÇΓöÇΓöÇΓöÇΓöÇΓöÇΓöÇΓöÇΓöÇΓöÇΓöÇΓöÇΓöÇΓöÇΓöÇΓöÇΓöÇΓöÇΓöÇΓöÇΓöÇΓöÇΓöÇΓöÇΓöÇΓöÇΓöÇΓöÇΓöÇΓöÇΓöÇΓöÇΓöÇΓöÇΓöÇΓöÇΓöÇΓöÇΓöÇΓöÇΓöÇΓöÇΓöÇΓöÇΓöÇΓöÇΓöÇΓöÇΓöÇΓöÇΓöÇΓöÇΓöÇΓöÇΓöÇΓöÇΓöÇΓöÇΓöÇΓöÇΓöÇΓöÇΓöÇΓöÇΓöÇΓöÇΓöÇΓöÇΓöÇΓöÇΓöÇΓöÇΓöÇΓöÇΓöÇΓöÇΓöÇΓöÇΓöÇΓöÇΓöÇΓöÇΓöÇΓöÇΓöÇΓöÇΓöÇΓöÇΓöÇΓöÇΓöÇΓöÇΓöÇΓöÇΓöÇΓöÇΓöÇΓöÇΓöÇΓöÇΓöÇΓöÇΓöÇΓöÇΓöÇΓöÇΓöÇΓöÇΓöÇΓöÇΓöÇΓöÇΓöÇΓöÇΓöÇΓöÇΓöÇΓöÇΓöÇΓöÇΓöÇΓöÇΓöÇΓöÇΓöÇΓöÇΓöÇΓöÇΓöÇΓöÇΓöÇΓöÇΓöÇΓöÇΓöÇΓöÇΓöÇΓöÇΓöÇΓöÇΓöÇΓöÇΓöÇΓöÇΓöÇΓöÇΓöÇΓöÇΓöÇ
  1  fixed_TP30        Fixed TP=30% (baseline)      30.0%      0%   36.7%     33%      +16,377.0%     59.0%  65.4%  34.5%      +12,270.3%     59.0%
  2  comp_TP30/20      compΓëÑ50 ΓåÆ TP=20%             26.5%     35%   36.7%     33%       +8,736.8%     59.7%  66.8%  33.2%       +6,479.6%     60.0%
  3  comp_TP30/25      compΓëÑ50 ΓåÆ TP=25%             28.2%     35%   36.7%     33%      +14,297.6%     59.4%  66.3%  33.6%      +10,673.1%     59.4%
  4  comp_TP30/35      compΓëÑ50 ΓåÆ TP=35%             31.8%     35%   36.7%     33%      +22,023.8%     58.6%  65.1%  34.8%      +16,509.3%     58.6%
  5  comp_TP30/40      compΓëÑ50 ΓåÆ TP=40%             33.5%     35%   36.7%     33%      +14,047.8%     62.0%  64.0%  35.7%      +11,038.4%     62.6%
  6  brd_TP30/20       brd_invΓëÑ50 ΓåÆ TP=20%          26.7%     33%   36.7%     33%       +9,717.6%     59.6%  66.7%  33.3%       +7,309.5%     60.3%
  7  brd_TP30/25       brd_invΓëÑ50 ΓåÆ TP=25%          28.3%     33%   36.7%     33%      +14,895.2%     59.3%  66.2%  33.7%      +11,308.8%     59.3%
  8  brd_TP30/35       brd_invΓëÑ50 ΓåÆ TP=35%          31.7%     33%   36.7%     33%      +20,400.4%     58.7%  65.0%  34.8%      +15,403.2%     58.7%
  9  brd_TP30/40       brd_invΓëÑ50 ΓåÆ TP=40%          33.3%     33%   36.7%     33%      +13,234.5%     60.8%  64.2%  35.5%      +10,209.9%     60.9%
 10  vix_TP30/20       vix_scoreΓëÑ70 ΓåÆ TP=20%        29.4%      6%   36.7%     33%      +11,202.2%     59.0%  65.7%  34.3%       +8,153.3%     59.0%
 11  vix_TP30/25       vix_scoreΓëÑ70 ΓåÆ TP=25%        29.7%      6%   36.7%     33%      +12,693.8%     59.0%  65.6%  34.4%       +9,435.2%     59.0%
 12  vix_TP30/35       vix_scoreΓëÑ70 ΓåÆ TP=35%        30.3%      6%   36.7%     33%      +17,738.1%     59.0%  65.2%  34.7%      +12,869.3%     59.0%
 13  vix_TP30/40       vix_scoreΓëÑ70 ΓåÆ TP=40%        30.6%      6%   36.7%     33%      +16,230.6%     59.0%  64.9%  34.9%      +12,161.9%     59.0%

ΓöÇΓöÇΓöÇΓöÇΓöÇΓöÇΓöÇΓöÇΓöÇΓöÇΓöÇΓöÇΓöÇΓöÇΓöÇΓöÇΓöÇΓöÇΓöÇΓöÇΓöÇΓöÇΓöÇΓöÇΓöÇΓöÇΓöÇΓöÇΓöÇΓöÇΓöÇΓöÇΓöÇΓöÇΓöÇΓöÇΓöÇΓöÇΓöÇΓöÇΓöÇΓöÇΓöÇΓöÇΓöÇΓöÇΓöÇΓöÇΓöÇΓöÇΓöÇΓöÇΓöÇΓöÇΓöÇΓöÇΓöÇΓöÇΓöÇΓöÇΓöÇΓöÇΓöÇΓöÇΓöÇΓöÇΓöÇΓöÇΓöÇΓöÇΓöÇΓöÇΓöÇΓöÇΓöÇΓöÇΓöÇΓöÇΓöÇΓöÇΓöÇΓöÇΓöÇΓöÇΓöÇΓöÇΓöÇΓöÇΓöÇΓöÇΓöÇΓöÇΓöÇΓöÇΓöÇΓöÇΓöÇΓöÇΓöÇΓöÇΓöÇΓöÇΓöÇΓöÇΓöÇΓöÇΓöÇΓöÇΓöÇΓöÇΓöÇΓöÇΓöÇΓöÇΓöÇΓöÇΓöÇΓöÇΓöÇΓöÇΓöÇΓöÇΓöÇΓöÇΓöÇΓöÇΓöÇΓöÇΓöÇΓöÇΓöÇΓöÇΓöÇΓöÇΓöÇΓöÇΓöÇΓöÇΓöÇΓöÇΓöÇΓöÇΓöÇΓöÇΓöÇΓöÇΓöÇΓöÇΓöÇΓöÇΓöÇΓöÇΓöÇΓöÇΓöÇΓöÇΓöÇΓöÇΓöÇΓöÇ
RANKED ΓÇö 2024 ΓÇö Realistic (sorted by mean return)
ΓöÇΓöÇΓöÇΓöÇΓöÇΓöÇΓöÇΓöÇΓöÇΓöÇΓöÇΓöÇΓöÇΓöÇΓöÇΓöÇΓöÇΓöÇΓöÇΓöÇΓöÇΓöÇΓöÇΓöÇΓöÇΓöÇΓöÇΓöÇΓöÇΓöÇΓöÇΓöÇΓöÇΓöÇΓöÇΓöÇΓöÇΓöÇΓöÇΓöÇΓöÇΓöÇΓöÇΓöÇΓöÇΓöÇΓöÇΓöÇΓöÇΓöÇΓöÇΓöÇΓöÇΓöÇΓöÇΓöÇΓöÇΓöÇΓöÇΓöÇΓöÇΓöÇΓöÇΓöÇΓöÇΓöÇΓöÇΓöÇΓöÇΓöÇΓöÇΓöÇΓöÇΓöÇΓöÇΓöÇΓöÇΓöÇΓöÇΓöÇΓöÇΓöÇΓöÇΓöÇΓöÇΓöÇΓöÇΓöÇΓöÇΓöÇΓöÇΓöÇΓöÇΓöÇΓöÇΓöÇΓöÇΓöÇΓöÇΓöÇΓöÇΓöÇΓöÇΓöÇΓöÇΓöÇΓöÇΓöÇΓöÇΓöÇΓöÇΓöÇΓöÇΓöÇΓöÇΓöÇΓöÇΓöÇΓöÇΓöÇΓöÇΓöÇΓöÇΓöÇΓöÇΓöÇΓöÇΓöÇΓöÇΓöÇΓöÇΓöÇΓöÇΓöÇΓöÇΓöÇΓöÇΓöÇΓöÇΓöÇΓöÇΓöÇΓöÇΓöÇΓöÇΓöÇΓöÇΓöÇΓöÇΓöÇΓöÇΓöÇΓöÇΓöÇΓöÇΓöÇΓöÇΓöÇΓöÇΓöÇ
 Rk  Rule              Description                  AvgTP  TPstr%         MeanRet          MedRet   WorstDD   MeanDD    TP%    SL%   P(c)
ΓöÇΓöÇΓöÇΓöÇΓöÇΓöÇΓöÇΓöÇΓöÇΓöÇΓöÇΓöÇΓöÇΓöÇΓöÇΓöÇΓöÇΓöÇΓöÇΓöÇΓöÇΓöÇΓöÇΓöÇΓöÇΓöÇΓöÇΓöÇΓöÇΓöÇΓöÇΓöÇΓöÇΓöÇΓöÇΓöÇΓöÇΓöÇΓöÇΓöÇΓöÇΓöÇΓöÇΓöÇΓöÇΓöÇΓöÇΓöÇΓöÇΓöÇΓöÇΓöÇΓöÇΓöÇΓöÇΓöÇΓöÇΓöÇΓöÇΓöÇΓöÇΓöÇΓöÇΓöÇΓöÇΓöÇΓöÇΓöÇΓöÇΓöÇΓöÇΓöÇΓöÇΓöÇΓöÇΓöÇΓöÇΓöÇΓöÇΓöÇΓöÇΓöÇΓöÇΓöÇΓöÇΓöÇΓöÇΓöÇΓöÇΓöÇΓöÇΓöÇΓöÇΓöÇΓöÇΓöÇΓöÇΓöÇΓöÇΓöÇΓöÇΓöÇΓöÇΓöÇΓöÇΓöÇΓöÇΓöÇΓöÇΓöÇΓöÇΓöÇΓöÇΓöÇΓöÇΓöÇΓöÇΓöÇΓöÇΓöÇΓöÇΓöÇΓöÇΓöÇΓöÇΓöÇΓöÇΓöÇΓöÇΓöÇΓöÇΓöÇΓöÇΓöÇΓöÇΓöÇΓöÇΓöÇΓöÇΓöÇΓöÇΓöÇΓöÇΓöÇΓöÇΓöÇΓöÇΓöÇΓöÇΓöÇΓöÇΓöÇΓöÇΓöÇΓöÇΓöÇΓöÇΓöÇΓöÇΓöÇ
  1  comp_TP30/35      compΓëÑ50 ΓåÆ TP=35%             31.8%     35%      +22,023.8%      +20,986.9%     58.6%    58.6%  65.1%  34.8%   0.0%
  2  brd_TP30/35       brd_invΓëÑ50 ΓåÆ TP=35%          31.7%     33%      +20,400.4%      +19,673.3%     58.7%    58.7%  65.0%  34.8%   0.0%
  3  vix_TP30/35       vix_scoreΓëÑ70 ΓåÆ TP=35%        30.3%      6%      +17,738.1%      +17,003.9%     59.0%    59.0%  65.2%  34.7%   0.0%
  4  fixed_TP30        Fixed TP=30% (baseline)      30.0%      0%      +16,377.0%      +16,037.1%     59.0%    59.0%  65.4%  34.5%   0.0% Γùå
  5  vix_TP30/40       vix_scoreΓëÑ70 ΓåÆ TP=40%        30.6%      6%      +16,230.6%      +15,723.9%     59.0%    59.0%  64.9%  34.9%   0.0%
  6  brd_TP30/25       brd_invΓëÑ50 ΓåÆ TP=25%          28.3%     33%      +14,895.2%      +14,347.9%     59.3%    59.3%  66.2%  33.7%   0.0%
  7  comp_TP30/25      compΓëÑ50 ΓåÆ TP=25%             28.2%     35%      +14,297.6%      +13,905.3%     59.4%    59.3%  66.3%  33.6%   0.0%
  8  comp_TP30/40      compΓëÑ50 ΓåÆ TP=40%             33.5%     35%      +14,047.8%      +13,406.7%     62.0%    59.0%  64.0%  35.7%   0.0%
  9  brd_TP30/40       brd_invΓëÑ50 ΓåÆ TP=40%          33.3%     33%      +13,234.5%      +12,768.0%     60.8%    59.6%  64.2%  35.5%   0.0%
 10  vix_TP30/25       vix_scoreΓëÑ70 ΓåÆ TP=25%        29.7%      6%      +12,693.8%      +12,150.7%     59.0%    59.0%  65.6%  34.4%   0.0%
 11  vix_TP30/20       vix_scoreΓëÑ70 ΓåÆ TP=20%        29.4%      6%      +11,202.2%      +10,653.8%     59.0%    59.0%  65.7%  34.3%   0.0%
 12  brd_TP30/20       brd_invΓëÑ50 ΓåÆ TP=20%          26.7%     33%       +9,717.6%       +9,507.1%     59.6%    59.6%  66.7%  33.3%   0.0%
 13  comp_TP30/20      compΓëÑ50 ΓåÆ TP=20%             26.5%     35%       +8,736.8%       +8,391.1%     59.7%    59.7%  66.8%  33.2%   0.0%

ΓöÇΓöÇΓöÇΓöÇΓöÇΓöÇΓöÇΓöÇΓöÇΓöÇΓöÇΓöÇΓöÇΓöÇΓöÇΓöÇΓöÇΓöÇΓöÇΓöÇΓöÇΓöÇΓöÇΓöÇΓöÇΓöÇΓöÇΓöÇΓöÇΓöÇΓöÇΓöÇΓöÇΓöÇΓöÇΓöÇΓöÇΓöÇΓöÇΓöÇΓöÇΓöÇΓöÇΓöÇΓöÇΓöÇΓöÇΓöÇΓöÇΓöÇΓöÇΓöÇΓöÇΓöÇΓöÇΓöÇΓöÇΓöÇΓöÇΓöÇΓöÇΓöÇΓöÇΓöÇΓöÇΓöÇΓöÇΓöÇΓöÇΓöÇΓöÇΓöÇΓöÇΓöÇΓöÇΓöÇΓöÇΓöÇΓöÇΓöÇΓöÇΓöÇΓöÇΓöÇΓöÇΓöÇΓöÇΓöÇΓöÇΓöÇΓöÇΓöÇΓöÇΓöÇΓöÇΓöÇΓöÇΓöÇΓöÇΓöÇΓöÇΓöÇΓöÇΓöÇΓöÇΓöÇΓöÇΓöÇΓöÇΓöÇΓöÇΓöÇΓöÇΓöÇΓöÇΓöÇΓöÇΓöÇΓöÇΓöÇΓöÇΓöÇΓöÇΓöÇΓöÇΓöÇΓöÇΓöÇΓöÇΓöÇΓöÇΓöÇΓöÇΓöÇΓöÇΓöÇΓöÇΓöÇΓöÇΓöÇ
DELTA vs fixed_TP30 ΓÇö 2024 ΓÇö Realistic
ΓöÇΓöÇΓöÇΓöÇΓöÇΓöÇΓöÇΓöÇΓöÇΓöÇΓöÇΓöÇΓöÇΓöÇΓöÇΓöÇΓöÇΓöÇΓöÇΓöÇΓöÇΓöÇΓöÇΓöÇΓöÇΓöÇΓöÇΓöÇΓöÇΓöÇΓöÇΓöÇΓöÇΓöÇΓöÇΓöÇΓöÇΓöÇΓöÇΓöÇΓöÇΓöÇΓöÇΓöÇΓöÇΓöÇΓöÇΓöÇΓöÇΓöÇΓöÇΓöÇΓöÇΓöÇΓöÇΓöÇΓöÇΓöÇΓöÇΓöÇΓöÇΓöÇΓöÇΓöÇΓöÇΓöÇΓöÇΓöÇΓöÇΓöÇΓöÇΓöÇΓöÇΓöÇΓöÇΓöÇΓöÇΓöÇΓöÇΓöÇΓöÇΓöÇΓöÇΓöÇΓöÇΓöÇΓöÇΓöÇΓöÇΓöÇΓöÇΓöÇΓöÇΓöÇΓöÇΓöÇΓöÇΓöÇΓöÇΓöÇΓöÇΓöÇΓöÇΓöÇΓöÇΓöÇΓöÇΓöÇΓöÇΓöÇΓöÇΓöÇΓöÇΓöÇΓöÇΓöÇΓöÇΓöÇΓöÇΓöÇΓöÇΓöÇΓöÇΓöÇΓöÇΓöÇΓöÇΓöÇΓöÇΓöÇΓöÇΓöÇΓöÇΓöÇΓöÇΓöÇΓöÇΓöÇΓöÇΓöÇ
Rule              Description                           ╬öRet       ╬öDD      ╬öTP  TPstr%      Source
ΓöÇΓöÇΓöÇΓöÇΓöÇΓöÇΓöÇΓöÇΓöÇΓöÇΓöÇΓöÇΓöÇΓöÇΓöÇΓöÇΓöÇΓöÇΓöÇΓöÇΓöÇΓöÇΓöÇΓöÇΓöÇΓöÇΓöÇΓöÇΓöÇΓöÇΓöÇΓöÇΓöÇΓöÇΓöÇΓöÇΓöÇΓöÇΓöÇΓöÇΓöÇΓöÇΓöÇΓöÇΓöÇΓöÇΓöÇΓöÇΓöÇΓöÇΓöÇΓöÇΓöÇΓöÇΓöÇΓöÇΓöÇΓöÇΓöÇΓöÇΓöÇΓöÇΓöÇΓöÇΓöÇΓöÇΓöÇΓöÇΓöÇΓöÇΓöÇΓöÇΓöÇΓöÇΓöÇΓöÇΓöÇΓöÇΓöÇΓöÇΓöÇΓöÇΓöÇΓöÇΓöÇΓöÇΓöÇΓöÇΓöÇΓöÇΓöÇΓöÇΓöÇΓöÇΓöÇΓöÇΓöÇΓöÇΓöÇΓöÇΓöÇΓöÇΓöÇΓöÇΓöÇΓöÇΓöÇΓöÇΓöÇΓöÇΓöÇΓöÇΓöÇΓöÇΓöÇΓöÇΓöÇΓöÇΓöÇΓöÇΓöÇΓöÇΓöÇΓöÇΓöÇΓöÇΓöÇΓöÇΓöÇΓöÇΓöÇΓöÇΓöÇΓöÇΓöÇΓöÇΓöÇΓöÇΓöÇΓöÇ
comp_TP30/35      compΓëÑ50 ΓåÆ TP=35%                 +5,646.8%     -0.4%    -0.3%     35%   composite  Γû▓
brd_TP30/35       brd_invΓëÑ50 ΓåÆ TP=35%              +4,023.4%     -0.3%    -0.4%     33%     brd_inv  Γû▓
vix_TP30/35       vix_scoreΓëÑ70 ΓåÆ TP=35%            +1,361.1%     +0.0%    -0.2%      6%   vix_score  Γû▓
vix_TP30/40       vix_scoreΓëÑ70 ΓåÆ TP=40%              -146.5%     +0.0%    -0.5%      6%   vix_score  Γû╝
brd_TP30/25       brd_invΓëÑ50 ΓåÆ TP=25%              -1,481.8%     +0.3%    +0.8%     33%     brd_inv  Γû╝
comp_TP30/25      compΓëÑ50 ΓåÆ TP=25%                 -2,079.4%     +0.4%    +0.9%     35%   composite  Γû╝
comp_TP30/40      compΓëÑ50 ΓåÆ TP=40%                 -2,329.2%     +3.0%    -1.4%     35%   composite  Γû╝
brd_TP30/40       brd_invΓëÑ50 ΓåÆ TP=40%              -3,142.5%     +1.8%    -1.2%     33%     brd_inv  Γû╝
vix_TP30/25       vix_scoreΓëÑ70 ΓåÆ TP=25%            -3,683.2%     +0.0%    +0.2%      6%   vix_score  Γû╝
vix_TP30/20       vix_scoreΓëÑ70 ΓåÆ TP=20%            -5,174.8%     +0.0%    +0.3%      6%   vix_score  Γû╝
brd_TP30/20       brd_invΓëÑ50 ΓåÆ TP=20%              -6,659.4%     +0.6%    +1.3%     33%     brd_inv  Γû╝
comp_TP30/20      compΓëÑ50 ΓåÆ TP=20%                 -7,640.2%     +0.7%    +1.4%     35%   composite  Γû╝

================================================================================================================================================================
WINDOW: 2025  (2025-01-01 -> 2025-12-31)
================================================================================================================================================================
Signals: 4,535 (75+=1,141, 70-74=3,394)
Precomputing bar data... done (4,535 valid trades)

Signal source statistics (dates in window):
   composite: mean= 45.5  p10= 30.4  p50= 41.3  p90= 66.3  ΓëÑ50:  29%  ΓëÑ60:  16%  ΓëÑ70:   7%  (N=256)
   vix_score: mean= 40.6  p10= 16.9  p50= 36.0  p90= 71.4  ΓëÑ50:  29%  ΓëÑ60:  20%  ΓëÑ70:  10%  (N=256)
     brd_inv: mean= 44.7  p10= 30.7  p50= 43.0  p90= 63.0  ΓëÑ50:  30%  ΓëÑ60:  14%  ΓëÑ70:   2%  (N=256)

  #  Rule              Description                  AvgTP  TPstr%   AvgSL  SLstr%            ΓÇö Realistic ΓÇö               ΓÇö Conservative ΓÇö  
                                                                                          MeanRet   WorstDD    TP%    SL%         MeanRet   WorstDD
ΓöÇΓöÇΓöÇΓöÇΓöÇΓöÇΓöÇΓöÇΓöÇΓöÇΓöÇΓöÇΓöÇΓöÇΓöÇΓöÇΓöÇΓöÇΓöÇΓöÇΓöÇΓöÇΓöÇΓöÇΓöÇΓöÇΓöÇΓöÇΓöÇΓöÇΓöÇΓöÇΓöÇΓöÇΓöÇΓöÇΓöÇΓöÇΓöÇΓöÇΓöÇΓöÇΓöÇΓöÇΓöÇΓöÇΓöÇΓöÇΓöÇΓöÇΓöÇΓöÇΓöÇΓöÇΓöÇΓöÇΓöÇΓöÇΓöÇΓöÇΓöÇΓöÇΓöÇΓöÇΓöÇΓöÇΓöÇΓöÇΓöÇΓöÇΓöÇΓöÇΓöÇΓöÇΓöÇΓöÇΓöÇΓöÇΓöÇΓöÇΓöÇΓöÇΓöÇΓöÇΓöÇΓöÇΓöÇΓöÇΓöÇΓöÇΓöÇΓöÇΓöÇΓöÇΓöÇΓöÇΓöÇΓöÇΓöÇΓöÇΓöÇΓöÇΓöÇΓöÇΓöÇΓöÇΓöÇΓöÇΓöÇΓöÇΓöÇΓöÇΓöÇΓöÇΓöÇΓöÇΓöÇΓöÇΓöÇΓöÇΓöÇΓöÇΓöÇΓöÇΓöÇΓöÇΓöÇΓöÇΓöÇΓöÇΓöÇΓöÇΓöÇΓöÇΓöÇΓöÇΓöÇΓöÇΓöÇΓöÇΓöÇΓöÇΓöÇΓöÇΓöÇΓöÇΓöÇΓöÇΓöÇΓöÇΓöÇΓöÇΓöÇΓöÇΓöÇΓöÇΓöÇΓöÇΓöÇΓöÇ
  1  fixed_TP30        Fixed TP=30% (baseline)      30.0%      0%   37.5%     50%       +4,021.0%     83.7%  64.5%  34.9%       +2,557.1%     86.0%
  2  comp_TP30/20      compΓëÑ50 ΓåÆ TP=20%             24.9%     51%   37.5%     50%       +2,686.9%     82.1%  67.1%  32.4%       +1,566.3%     84.9%
  3  comp_TP30/25      compΓëÑ50 ΓåÆ TP=25%             27.5%     51%   37.5%     50%       +2,997.3%     85.2%  65.6%  33.9%       +1,940.1%     86.1%
  4  comp_TP30/35      compΓëÑ50 ΓåÆ TP=35%             32.5%     51%   37.5%     50%       +4,270.1%     77.5%  63.7%  35.6%       +3,271.9%     81.6%
  5  comp_TP30/40      compΓëÑ50 ΓåÆ TP=40%             35.1%     51%   37.5%     50%       +4,528.6%     81.5%  63.3%  36.0%       +3,551.2%     82.0%
  6  brd_TP30/20       brd_invΓëÑ50 ΓåÆ TP=20%          25.0%     50%   37.5%     50%       +2,483.6%     83.7%  67.0%  32.5%       +1,425.3%     85.7%
  7  brd_TP30/25       brd_invΓëÑ50 ΓåÆ TP=25%          27.5%     50%   37.5%     50%       +3,156.0%     84.6%  65.7%  33.8%       +1,977.5%     85.9%
  8  brd_TP30/35       brd_invΓëÑ50 ΓåÆ TP=35%          32.5%     50%   37.5%     50%       +5,191.8%     79.5%  63.7%  35.6%       +3,832.4%     82.3%
  9  brd_TP30/40       brd_invΓëÑ50 ΓåÆ TP=40%          35.0%     50%   37.5%     50%       +4,827.1%     82.8%  63.1%  36.2%       +3,515.7%     83.4%
 10  vix_TP30/20       vix_scoreΓëÑ70 ΓåÆ TP=20%        28.2%     18%   37.5%     50%       +4,008.3%     83.2%  65.7%  33.7%       +2,489.8%     85.1%
 11  vix_TP30/25       vix_scoreΓëÑ70 ΓåÆ TP=25%        29.1%     18%   37.5%     50%       +3,891.8%     85.3%  65.1%  34.3%       +2,371.9%     86.1%
 12  vix_TP30/35       vix_scoreΓëÑ70 ΓåÆ TP=35%        30.9%     18%   37.5%     50%       +3,951.8%     81.6%  64.2%  35.1%       +2,613.0%     83.3%
 13  vix_TP30/40       vix_scoreΓëÑ70 ΓåÆ TP=40%        31.8%     18%   37.5%     50%       +3,590.3%     81.4%  63.9%  35.4%       +2,551.9%     83.3%

ΓöÇΓöÇΓöÇΓöÇΓöÇΓöÇΓöÇΓöÇΓöÇΓöÇΓöÇΓöÇΓöÇΓöÇΓöÇΓöÇΓöÇΓöÇΓöÇΓöÇΓöÇΓöÇΓöÇΓöÇΓöÇΓöÇΓöÇΓöÇΓöÇΓöÇΓöÇΓöÇΓöÇΓöÇΓöÇΓöÇΓöÇΓöÇΓöÇΓöÇΓöÇΓöÇΓöÇΓöÇΓöÇΓöÇΓöÇΓöÇΓöÇΓöÇΓöÇΓöÇΓöÇΓöÇΓöÇΓöÇΓöÇΓöÇΓöÇΓöÇΓöÇΓöÇΓöÇΓöÇΓöÇΓöÇΓöÇΓöÇΓöÇΓöÇΓöÇΓöÇΓöÇΓöÇΓöÇΓöÇΓöÇΓöÇΓöÇΓöÇΓöÇΓöÇΓöÇΓöÇΓöÇΓöÇΓöÇΓöÇΓöÇΓöÇΓöÇΓöÇΓöÇΓöÇΓöÇΓöÇΓöÇΓöÇΓöÇΓöÇΓöÇΓöÇΓöÇΓöÇΓöÇΓöÇΓöÇΓöÇΓöÇΓöÇΓöÇΓöÇΓöÇΓöÇΓöÇΓöÇΓöÇΓöÇΓöÇΓöÇΓöÇΓöÇΓöÇΓöÇΓöÇΓöÇΓöÇΓöÇΓöÇΓöÇΓöÇΓöÇΓöÇΓöÇΓöÇΓöÇΓöÇΓöÇΓöÇΓöÇΓöÇΓöÇΓöÇΓöÇΓöÇΓöÇΓöÇΓöÇΓöÇΓöÇΓöÇΓöÇΓöÇΓöÇΓöÇΓöÇΓöÇΓöÇΓöÇΓöÇ
RANKED ΓÇö 2025 ΓÇö Realistic (sorted by mean return)
ΓöÇΓöÇΓöÇΓöÇΓöÇΓöÇΓöÇΓöÇΓöÇΓöÇΓöÇΓöÇΓöÇΓöÇΓöÇΓöÇΓöÇΓöÇΓöÇΓöÇΓöÇΓöÇΓöÇΓöÇΓöÇΓöÇΓöÇΓöÇΓöÇΓöÇΓöÇΓöÇΓöÇΓöÇΓöÇΓöÇΓöÇΓöÇΓöÇΓöÇΓöÇΓöÇΓöÇΓöÇΓöÇΓöÇΓöÇΓöÇΓöÇΓöÇΓöÇΓöÇΓöÇΓöÇΓöÇΓöÇΓöÇΓöÇΓöÇΓöÇΓöÇΓöÇΓöÇΓöÇΓöÇΓöÇΓöÇΓöÇΓöÇΓöÇΓöÇΓöÇΓöÇΓöÇΓöÇΓöÇΓöÇΓöÇΓöÇΓöÇΓöÇΓöÇΓöÇΓöÇΓöÇΓöÇΓöÇΓöÇΓöÇΓöÇΓöÇΓöÇΓöÇΓöÇΓöÇΓöÇΓöÇΓöÇΓöÇΓöÇΓöÇΓöÇΓöÇΓöÇΓöÇΓöÇΓöÇΓöÇΓöÇΓöÇΓöÇΓöÇΓöÇΓöÇΓöÇΓöÇΓöÇΓöÇΓöÇΓöÇΓöÇΓöÇΓöÇΓöÇΓöÇΓöÇΓöÇΓöÇΓöÇΓöÇΓöÇΓöÇΓöÇΓöÇΓöÇΓöÇΓöÇΓöÇΓöÇΓöÇΓöÇΓöÇΓöÇΓöÇΓöÇΓöÇΓöÇΓöÇΓöÇΓöÇΓöÇΓöÇΓöÇΓöÇΓöÇΓöÇΓöÇΓöÇΓöÇΓöÇ
 Rk  Rule              Description                  AvgTP  TPstr%         MeanRet          MedRet   WorstDD   MeanDD    TP%    SL%   P(c)
ΓöÇΓöÇΓöÇΓöÇΓöÇΓöÇΓöÇΓöÇΓöÇΓöÇΓöÇΓöÇΓöÇΓöÇΓöÇΓöÇΓöÇΓöÇΓöÇΓöÇΓöÇΓöÇΓöÇΓöÇΓöÇΓöÇΓöÇΓöÇΓöÇΓöÇΓöÇΓöÇΓöÇΓöÇΓöÇΓöÇΓöÇΓöÇΓöÇΓöÇΓöÇΓöÇΓöÇΓöÇΓöÇΓöÇΓöÇΓöÇΓöÇΓöÇΓöÇΓöÇΓöÇΓöÇΓöÇΓöÇΓöÇΓöÇΓöÇΓöÇΓöÇΓöÇΓöÇΓöÇΓöÇΓöÇΓöÇΓöÇΓöÇΓöÇΓöÇΓöÇΓöÇΓöÇΓöÇΓöÇΓöÇΓöÇΓöÇΓöÇΓöÇΓöÇΓöÇΓöÇΓöÇΓöÇΓöÇΓöÇΓöÇΓöÇΓöÇΓöÇΓöÇΓöÇΓöÇΓöÇΓöÇΓöÇΓöÇΓöÇΓöÇΓöÇΓöÇΓöÇΓöÇΓöÇΓöÇΓöÇΓöÇΓöÇΓöÇΓöÇΓöÇΓöÇΓöÇΓöÇΓöÇΓöÇΓöÇΓöÇΓöÇΓöÇΓöÇΓöÇΓöÇΓöÇΓöÇΓöÇΓöÇΓöÇΓöÇΓöÇΓöÇΓöÇΓöÇΓöÇΓöÇΓöÇΓöÇΓöÇΓöÇΓöÇΓöÇΓöÇΓöÇΓöÇΓöÇΓöÇΓöÇΓöÇΓöÇΓöÇΓöÇΓöÇΓöÇΓöÇΓöÇΓöÇΓöÇΓöÇ
  1  brd_TP30/35       brd_invΓëÑ50 ΓåÆ TP=35%          32.5%     50%       +5,191.8%       +5,135.8%     79.5%    67.8%  63.7%  35.6%   0.0%
  2  brd_TP30/40       brd_invΓëÑ50 ΓåÆ TP=40%          35.0%     50%       +4,827.1%       +4,655.6%     82.8%    74.4%  63.1%  36.2%   0.0%
  3  comp_TP30/40      compΓëÑ50 ΓåÆ TP=40%             35.1%     51%       +4,528.6%       +4,356.8%     81.5%    71.3%  63.3%  36.0%   0.0%
  4  comp_TP30/35      compΓëÑ50 ΓåÆ TP=35%             32.5%     51%       +4,270.1%       +4,186.4%     77.5%    65.3%  63.7%  35.6%   0.0%
  5  fixed_TP30        Fixed TP=30% (baseline)      30.0%      0%       +4,021.0%       +3,878.4%     83.7%    72.0%  64.5%  34.9%   0.0% Γùå
  6  vix_TP30/20       vix_scoreΓëÑ70 ΓåÆ TP=20%        28.2%     18%       +4,008.3%       +3,793.8%     83.2%    73.2%  65.7%  33.7%   0.0%
  7  vix_TP30/35       vix_scoreΓëÑ70 ΓåÆ TP=35%        30.9%     18%       +3,951.8%       +3,856.6%     81.6%    68.7%  64.2%  35.1%   0.0%
  8  vix_TP30/25       vix_scoreΓëÑ70 ΓåÆ TP=25%        29.1%     18%       +3,891.8%       +3,759.9%     85.3%    73.3%  65.1%  34.3%   0.0%
  9  vix_TP30/40       vix_scoreΓëÑ70 ΓåÆ TP=40%        31.8%     18%       +3,590.3%       +3,483.9%     81.4%    71.6%  63.9%  35.4%   0.0%
 10  brd_TP30/25       brd_invΓëÑ50 ΓåÆ TP=25%          27.5%     50%       +3,156.0%       +3,051.0%     84.6%    74.2%  65.7%  33.8%   0.0%
 11  comp_TP30/25      compΓëÑ50 ΓåÆ TP=25%             27.5%     51%       +2,997.3%       +2,886.8%     85.2%    75.5%  65.6%  33.9%   0.0%
 12  comp_TP30/20      compΓëÑ50 ΓåÆ TP=20%             24.9%     51%       +2,686.9%       +2,614.2%     82.1%    73.9%  67.1%  32.4%   0.0%
 13  brd_TP30/20       brd_invΓëÑ50 ΓåÆ TP=20%          25.0%     50%       +2,483.6%       +2,391.9%     83.7%    75.5%  67.0%  32.5%   0.0%

ΓöÇΓöÇΓöÇΓöÇΓöÇΓöÇΓöÇΓöÇΓöÇΓöÇΓöÇΓöÇΓöÇΓöÇΓöÇΓöÇΓöÇΓöÇΓöÇΓöÇΓöÇΓöÇΓöÇΓöÇΓöÇΓöÇΓöÇΓöÇΓöÇΓöÇΓöÇΓöÇΓöÇΓöÇΓöÇΓöÇΓöÇΓöÇΓöÇΓöÇΓöÇΓöÇΓöÇΓöÇΓöÇΓöÇΓöÇΓöÇΓöÇΓöÇΓöÇΓöÇΓöÇΓöÇΓöÇΓöÇΓöÇΓöÇΓöÇΓöÇΓöÇΓöÇΓöÇΓöÇΓöÇΓöÇΓöÇΓöÇΓöÇΓöÇΓöÇΓöÇΓöÇΓöÇΓöÇΓöÇΓöÇΓöÇΓöÇΓöÇΓöÇΓöÇΓöÇΓöÇΓöÇΓöÇΓöÇΓöÇΓöÇΓöÇΓöÇΓöÇΓöÇΓöÇΓöÇΓöÇΓöÇΓöÇΓöÇΓöÇΓöÇΓöÇΓöÇΓöÇΓöÇΓöÇΓöÇΓöÇΓöÇΓöÇΓöÇΓöÇΓöÇΓöÇΓöÇΓöÇΓöÇΓöÇΓöÇΓöÇΓöÇΓöÇΓöÇΓöÇΓöÇΓöÇΓöÇΓöÇΓöÇΓöÇΓöÇΓöÇΓöÇΓöÇΓöÇΓöÇΓöÇΓöÇΓöÇΓöÇ
DELTA vs fixed_TP30 ΓÇö 2025 ΓÇö Realistic
ΓöÇΓöÇΓöÇΓöÇΓöÇΓöÇΓöÇΓöÇΓöÇΓöÇΓöÇΓöÇΓöÇΓöÇΓöÇΓöÇΓöÇΓöÇΓöÇΓöÇΓöÇΓöÇΓöÇΓöÇΓöÇΓöÇΓöÇΓöÇΓöÇΓöÇΓöÇΓöÇΓöÇΓöÇΓöÇΓöÇΓöÇΓöÇΓöÇΓöÇΓöÇΓöÇΓöÇΓöÇΓöÇΓöÇΓöÇΓöÇΓöÇΓöÇΓöÇΓöÇΓöÇΓöÇΓöÇΓöÇΓöÇΓöÇΓöÇΓöÇΓöÇΓöÇΓöÇΓöÇΓöÇΓöÇΓöÇΓöÇΓöÇΓöÇΓöÇΓöÇΓöÇΓöÇΓöÇΓöÇΓöÇΓöÇΓöÇΓöÇΓöÇΓöÇΓöÇΓöÇΓöÇΓöÇΓöÇΓöÇΓöÇΓöÇΓöÇΓöÇΓöÇΓöÇΓöÇΓöÇΓöÇΓöÇΓöÇΓöÇΓöÇΓöÇΓöÇΓöÇΓöÇΓöÇΓöÇΓöÇΓöÇΓöÇΓöÇΓöÇΓöÇΓöÇΓöÇΓöÇΓöÇΓöÇΓöÇΓöÇΓöÇΓöÇΓöÇΓöÇΓöÇΓöÇΓöÇΓöÇΓöÇΓöÇΓöÇΓöÇΓöÇΓöÇΓöÇΓöÇΓöÇΓöÇΓöÇΓöÇ
Rule              Description                           ╬öRet       ╬öDD      ╬öTP  TPstr%      Source
ΓöÇΓöÇΓöÇΓöÇΓöÇΓöÇΓöÇΓöÇΓöÇΓöÇΓöÇΓöÇΓöÇΓöÇΓöÇΓöÇΓöÇΓöÇΓöÇΓöÇΓöÇΓöÇΓöÇΓöÇΓöÇΓöÇΓöÇΓöÇΓöÇΓöÇΓöÇΓöÇΓöÇΓöÇΓöÇΓöÇΓöÇΓöÇΓöÇΓöÇΓöÇΓöÇΓöÇΓöÇΓöÇΓöÇΓöÇΓöÇΓöÇΓöÇΓöÇΓöÇΓöÇΓöÇΓöÇΓöÇΓöÇΓöÇΓöÇΓöÇΓöÇΓöÇΓöÇΓöÇΓöÇΓöÇΓöÇΓöÇΓöÇΓöÇΓöÇΓöÇΓöÇΓöÇΓöÇΓöÇΓöÇΓöÇΓöÇΓöÇΓöÇΓöÇΓöÇΓöÇΓöÇΓöÇΓöÇΓöÇΓöÇΓöÇΓöÇΓöÇΓöÇΓöÇΓöÇΓöÇΓöÇΓöÇΓöÇΓöÇΓöÇΓöÇΓöÇΓöÇΓöÇΓöÇΓöÇΓöÇΓöÇΓöÇΓöÇΓöÇΓöÇΓöÇΓöÇΓöÇΓöÇΓöÇΓöÇΓöÇΓöÇΓöÇΓöÇΓöÇΓöÇΓöÇΓöÇΓöÇΓöÇΓöÇΓöÇΓöÇΓöÇΓöÇΓöÇΓöÇΓöÇΓöÇΓöÇΓöÇ
brd_TP30/35       brd_invΓëÑ50 ΓåÆ TP=35%              +1,170.8%     -4.1%    -0.8%     50%     brd_inv  Γû▓
brd_TP30/40       brd_invΓëÑ50 ΓåÆ TP=40%                +806.1%     -0.8%    -1.4%     50%     brd_inv  Γû▓
comp_TP30/40      compΓëÑ50 ΓåÆ TP=40%                   +507.6%     -2.2%    -1.2%     51%   composite  Γû▓
comp_TP30/35      compΓëÑ50 ΓåÆ TP=35%                   +249.1%     -6.1%    -0.8%     51%   composite  Γû▓
vix_TP30/20       vix_scoreΓëÑ70 ΓåÆ TP=20%               -12.7%     -0.5%    +1.2%     18%   vix_score  Γû╝
vix_TP30/35       vix_scoreΓëÑ70 ΓåÆ TP=35%               -69.2%     -2.0%    -0.3%     18%   vix_score  Γû╝
vix_TP30/25       vix_scoreΓëÑ70 ΓåÆ TP=25%              -129.2%     +1.7%    +0.5%     18%   vix_score  Γû╝
vix_TP30/40       vix_scoreΓëÑ70 ΓåÆ TP=40%              -430.7%     -2.2%    -0.6%     18%   vix_score  Γû╝
brd_TP30/25       brd_invΓëÑ50 ΓåÆ TP=25%                -865.0%     +0.9%    +1.2%     50%     brd_inv  Γû╝
comp_TP30/25      compΓëÑ50 ΓåÆ TP=25%                 -1,023.7%     +1.6%    +1.1%     51%   composite  Γû╝
comp_TP30/20      compΓëÑ50 ΓåÆ TP=20%                 -1,334.1%     -1.5%    +2.5%     51%   composite  Γû╝
brd_TP30/20       brd_invΓëÑ50 ΓåÆ TP=20%              -1,537.4%     -0.0%    +2.5%     50%     brd_inv  Γû╝

==========================================================================================================================================================================
CROSS-WINDOW ΓÇö Realistic Mode ΓÇö Mean Return
==========================================================================================================================================================================
Rule              Desc                              2022ΓåÆnow            2022            2023            2024            2025   AvgRk
ΓöÇΓöÇΓöÇΓöÇΓöÇΓöÇΓöÇΓöÇΓöÇΓöÇΓöÇΓöÇΓöÇΓöÇΓöÇΓöÇΓöÇΓöÇΓöÇΓöÇΓöÇΓöÇΓöÇΓöÇΓöÇΓöÇΓöÇΓöÇΓöÇΓöÇΓöÇΓöÇΓöÇΓöÇΓöÇΓöÇΓöÇΓöÇΓöÇΓöÇΓöÇΓöÇΓöÇΓöÇΓöÇΓöÇΓöÇΓöÇΓöÇΓöÇΓöÇΓöÇΓöÇΓöÇΓöÇΓöÇΓöÇΓöÇΓöÇΓöÇΓöÇΓöÇΓöÇΓöÇΓöÇΓöÇΓöÇΓöÇΓöÇΓöÇΓöÇΓöÇΓöÇΓöÇΓöÇΓöÇΓöÇΓöÇΓöÇΓöÇΓöÇΓöÇΓöÇΓöÇΓöÇΓöÇΓöÇΓöÇΓöÇΓöÇΓöÇΓöÇΓöÇΓöÇΓöÇΓöÇΓöÇΓöÇΓöÇΓöÇΓöÇΓöÇΓöÇΓöÇΓöÇΓöÇΓöÇΓöÇΓöÇΓöÇΓöÇΓöÇΓöÇΓöÇΓöÇΓöÇΓöÇΓöÇΓöÇΓöÇΓöÇΓöÇΓöÇΓöÇΓöÇΓöÇΓöÇΓöÇΓöÇΓöÇΓöÇΓöÇΓöÇΓöÇΓöÇΓöÇΓöÇΓöÇΓöÇΓöÇΓöÇΓöÇΓöÇΓöÇΓöÇΓöÇΓöÇΓöÇΓöÇΓöÇΓöÇΓöÇΓöÇΓöÇΓöÇΓöÇΓöÇΓöÇΓöÇΓöÇΓöÇΓöÇΓöÇΓöÇΓöÇΓöÇΓöÇΓöÇΓöÇΓöÇ
brd_TP30/35       brd_invΓëÑ50 ΓåÆ TP=35%         +188,745,989.9%         +465.2%       +2,667.7%      +20,400.4%       +5,191.8%     2.0
comp_TP30/35      compΓëÑ50 ΓåÆ TP=35%            +182,047,912.8%         +407.8%       +3,269.5%      +22,023.8%       +4,270.1%     2.6
fixed_TP30        Fixed TP=30% (baseline)     +126,482,516.4%         +637.7%       +2,445.6%      +16,377.0%       +4,021.0%     3.8 Γùå
vix_TP30/35       vix_scoreΓëÑ70 ΓåÆ TP=35%       +121,584,249.7%         +483.7%       +2,586.4%      +17,738.1%       +3,951.8%     4.0
vix_TP30/40       vix_scoreΓëÑ70 ΓåÆ TP=40%       +93,239,243.6%         +377.7%       +2,862.6%      +16,230.6%       +3,590.3%     5.4
comp_TP30/40      compΓëÑ50 ΓåÆ TP=40%            +53,180,870.9%         +150.0%       +2,584.9%      +14,047.8%       +4,528.6%     6.8
brd_TP30/40       brd_invΓëÑ50 ΓåÆ TP=40%         +61,134,057.4%         +198.1%       +2,239.0%      +13,234.5%       +4,827.1%     6.8
vix_TP30/25       vix_scoreΓëÑ70 ΓåÆ TP=25%       +63,381,480.6%         +355.9%       +2,134.1%      +12,693.8%       +3,891.8%     7.8
brd_TP30/25       brd_invΓëÑ50 ΓåÆ TP=25%         +49,466,842.8%         +435.1%       +1,789.6%      +14,895.2%       +3,156.0%     8.0
comp_TP30/25      compΓëÑ50 ΓåÆ TP=25%            +40,470,366.0%         +307.0%       +1,806.1%      +14,297.6%       +2,997.3%     9.2
vix_TP30/20       vix_scoreΓëÑ70 ΓåÆ TP=20%       +22,411,430.6%         +139.3%       +1,976.5%      +11,202.2%       +4,008.3%     9.6
brd_TP30/20       brd_invΓëÑ50 ΓåÆ TP=20%          +5,671,430.9%          +72.0%       +1,368.7%       +9,717.6%       +2,483.6%    12.4
comp_TP30/20      compΓëÑ50 ΓåÆ TP=20%             +5,275,263.5%          +51.8%       +1,383.6%       +8,736.8%       +2,686.9%    12.6

============================================================================================================================================
CROSS-WINDOW ΓÇö Realistic Mode ΓÇö Worst Drawdown
============================================================================================================================================
Rule              Desc                        2022ΓåÆnow      2022      2023      2024      2025    MaxAll
ΓöÇΓöÇΓöÇΓöÇΓöÇΓöÇΓöÇΓöÇΓöÇΓöÇΓöÇΓöÇΓöÇΓöÇΓöÇΓöÇΓöÇΓöÇΓöÇΓöÇΓöÇΓöÇΓöÇΓöÇΓöÇΓöÇΓöÇΓöÇΓöÇΓöÇΓöÇΓöÇΓöÇΓöÇΓöÇΓöÇΓöÇΓöÇΓöÇΓöÇΓöÇΓöÇΓöÇΓöÇΓöÇΓöÇΓöÇΓöÇΓöÇΓöÇΓöÇΓöÇΓöÇΓöÇΓöÇΓöÇΓöÇΓöÇΓöÇΓöÇΓöÇΓöÇΓöÇΓöÇΓöÇΓöÇΓöÇΓöÇΓöÇΓöÇΓöÇΓöÇΓöÇΓöÇΓöÇΓöÇΓöÇΓöÇΓöÇΓöÇΓöÇΓöÇΓöÇΓöÇΓöÇΓöÇΓöÇΓöÇΓöÇΓöÇΓöÇΓöÇΓöÇΓöÇΓöÇΓöÇΓöÇΓöÇΓöÇΓöÇΓöÇΓöÇΓöÇΓöÇΓöÇΓöÇΓöÇΓöÇΓöÇΓöÇΓöÇΓöÇΓöÇΓöÇΓöÇΓöÇΓöÇΓöÇΓöÇΓöÇΓöÇΓöÇΓöÇΓöÇΓöÇΓöÇΓöÇΓöÇΓöÇΓöÇΓöÇΓöÇΓöÇΓöÇΓöÇΓöÇΓöÇΓöÇΓöÇΓöÇ
brd_TP30/35       brd_invΓëÑ50 ΓåÆ TP=35%            81.6%     71.2%     53.6%     58.7%     79.5%     81.6%
comp_TP30/35      compΓëÑ50 ΓåÆ TP=35%               79.9%     72.9%     53.6%     58.6%     77.5%     79.9%
fixed_TP30        Fixed TP=30% (baseline)        84.0%     70.7%     57.3%     59.0%     83.7%     84.0%
vix_TP30/35       vix_scoreΓëÑ70 ΓåÆ TP=35%          81.8%     72.1%     57.4%     59.0%     81.6%     81.8%
vix_TP30/40       vix_scoreΓëÑ70 ΓåÆ TP=40%          81.9%     74.3%     57.4%     59.0%     81.4%     81.9%
comp_TP30/40      compΓëÑ50 ΓåÆ TP=40%               81.3%     76.2%     52.5%     62.0%     81.5%     81.5%
brd_TP30/40       brd_invΓëÑ50 ΓåÆ TP=40%            83.4%     77.9%     53.7%     60.8%     82.8%     83.4%
vix_TP30/25       vix_scoreΓëÑ70 ΓåÆ TP=25%          82.9%     72.7%     56.3%     59.0%     85.3%     85.3%
brd_TP30/25       brd_invΓëÑ50 ΓåÆ TP=25%            83.2%     72.8%     57.7%     59.3%     84.6%     84.6%
comp_TP30/25      compΓëÑ50 ΓåÆ TP=25%               84.7%     73.6%     58.2%     59.4%     85.2%     85.2%
vix_TP30/20       vix_scoreΓëÑ70 ΓåÆ TP=20%          83.1%     82.0%     56.4%     59.0%     83.2%     83.2%
brd_TP30/20       brd_invΓëÑ50 ΓåÆ TP=20%            82.4%     81.7%     57.9%     59.6%     83.7%     83.7%
comp_TP30/20      compΓëÑ50 ΓåÆ TP=20%               83.9%     85.2%     64.1%     59.7%     82.1%     85.2%

============================================================================================================================================
CROSS-WINDOW ΓÇö Conservative Mode ΓÇö Worst Drawdown (safety gate, <80% = pass)
============================================================================================================================================
Rule              Desc                        2022ΓåÆnow      2022      2023      2024      2025    MaxAll   Pass?
ΓöÇΓöÇΓöÇΓöÇΓöÇΓöÇΓöÇΓöÇΓöÇΓöÇΓöÇΓöÇΓöÇΓöÇΓöÇΓöÇΓöÇΓöÇΓöÇΓöÇΓöÇΓöÇΓöÇΓöÇΓöÇΓöÇΓöÇΓöÇΓöÇΓöÇΓöÇΓöÇΓöÇΓöÇΓöÇΓöÇΓöÇΓöÇΓöÇΓöÇΓöÇΓöÇΓöÇΓöÇΓöÇΓöÇΓöÇΓöÇΓöÇΓöÇΓöÇΓöÇΓöÇΓöÇΓöÇΓöÇΓöÇΓöÇΓöÇΓöÇΓöÇΓöÇΓöÇΓöÇΓöÇΓöÇΓöÇΓöÇΓöÇΓöÇΓöÇΓöÇΓöÇΓöÇΓöÇΓöÇΓöÇΓöÇΓöÇΓöÇΓöÇΓöÇΓöÇΓöÇΓöÇΓöÇΓöÇΓöÇΓöÇΓöÇΓöÇΓöÇΓöÇΓöÇΓöÇΓöÇΓöÇΓöÇΓöÇΓöÇΓöÇΓöÇΓöÇΓöÇΓöÇΓöÇΓöÇΓöÇΓöÇΓöÇΓöÇΓöÇΓöÇΓöÇΓöÇΓöÇΓöÇΓöÇΓöÇΓöÇΓöÇΓöÇΓöÇΓöÇΓöÇΓöÇΓöÇΓöÇΓöÇΓöÇΓöÇΓöÇΓöÇΓöÇΓöÇΓöÇΓöÇΓöÇΓöÇΓöÇ
brd_TP30/35       brd_invΓëÑ50 ΓåÆ TP=35%            80.8%     74.6%     53.6%     58.7%     82.3%     82.3%      NO
comp_TP30/35      compΓëÑ50 ΓåÆ TP=35%               81.3%     74.5%     53.6%     58.6%     81.6%     81.6%      NO
fixed_TP30        Fixed TP=30% (baseline)        86.0%     70.9%     57.4%     59.0%     86.0%     86.0%      NO
vix_TP30/35       vix_scoreΓëÑ70 ΓåÆ TP=35%          83.3%     71.7%     57.4%     59.0%     83.3%     83.3%      NO
vix_TP30/40       vix_scoreΓëÑ70 ΓåÆ TP=40%          83.6%     74.6%     57.3%     59.0%     83.3%     83.6%      NO
comp_TP30/40      compΓëÑ50 ΓåÆ TP=40%               83.3%     83.9%     53.8%     62.6%     82.0%     83.9%      NO
brd_TP30/40       brd_invΓëÑ50 ΓåÆ TP=40%            84.5%     81.8%     54.3%     60.9%     83.4%     84.5%      NO
vix_TP30/25       vix_scoreΓëÑ70 ΓåÆ TP=25%          86.1%     75.0%     57.4%     59.0%     86.1%     86.1%      NO
brd_TP30/25       brd_invΓëÑ50 ΓåÆ TP=25%            86.4%     73.0%     59.1%     59.3%     85.9%     86.4%      NO
comp_TP30/25      compΓëÑ50 ΓåÆ TP=25%               86.9%     76.3%     59.8%     59.4%     86.1%     86.9%      NO
vix_TP30/20       vix_scoreΓëÑ70 ΓåÆ TP=20%          87.8%     86.2%     57.4%     59.0%     85.1%     87.8%      NO
brd_TP30/20       brd_invΓëÑ50 ΓåÆ TP=20%            89.5%     85.9%     59.9%     60.3%     85.7%     89.5%      NO
comp_TP30/20      compΓëÑ50 ΓåÆ TP=20%               93.4%     90.6%     64.8%     60.0%     84.9%     93.4%      NO

============================================================================================================================================
SIGNAL SOURCE FAMILY SUMMARY ΓÇö Best rule per family, Realistic mode
============================================================================================================================================
Family        Best Rule         Desc                              2022ΓåÆnow            2022            2023            2024            2025   AvgRk
ΓöÇΓöÇΓöÇΓöÇΓöÇΓöÇΓöÇΓöÇΓöÇΓöÇΓöÇΓöÇΓöÇΓöÇΓöÇΓöÇΓöÇΓöÇΓöÇΓöÇΓöÇΓöÇΓöÇΓöÇΓöÇΓöÇΓöÇΓöÇΓöÇΓöÇΓöÇΓöÇΓöÇΓöÇΓöÇΓöÇΓöÇΓöÇΓöÇΓöÇΓöÇΓöÇΓöÇΓöÇΓöÇΓöÇΓöÇΓöÇΓöÇΓöÇΓöÇΓöÇΓöÇΓöÇΓöÇΓöÇΓöÇΓöÇΓöÇΓöÇΓöÇΓöÇΓöÇΓöÇΓöÇΓöÇΓöÇΓöÇΓöÇΓöÇΓöÇΓöÇΓöÇΓöÇΓöÇΓöÇΓöÇΓöÇΓöÇΓöÇΓöÇΓöÇΓöÇΓöÇΓöÇΓöÇΓöÇΓöÇΓöÇΓöÇΓöÇΓöÇΓöÇΓöÇΓöÇΓöÇΓöÇΓöÇΓöÇΓöÇΓöÇΓöÇΓöÇΓöÇΓöÇΓöÇΓöÇΓöÇΓöÇΓöÇΓöÇΓöÇΓöÇΓöÇΓöÇΓöÇΓöÇΓöÇΓöÇΓöÇΓöÇΓöÇΓöÇΓöÇΓöÇΓöÇΓöÇΓöÇΓöÇΓöÇΓöÇΓöÇΓöÇΓöÇΓöÇΓöÇΓöÇΓöÇΓöÇΓöÇ
breadth       brd_TP30/35       brd_invΓëÑ50 ΓåÆ TP=35%         +188,745,989.9%         +465.2%       +2,667.7%      +20,400.4%       +5,191.8%     2.0
composite     comp_TP30/35      compΓëÑ50 ΓåÆ TP=35%            +182,047,912.8%         +407.8%       +3,269.5%      +22,023.8%       +4,270.1%     2.6
fixed         fixed_TP30        Fixed TP=30% (baseline)     +126,482,516.4%         +637.7%       +2,445.6%      +16,377.0%       +4,021.0%     3.8
vix           vix_TP30/35       vix_scoreΓëÑ70 ΓåÆ TP=35%       +121,584,249.7%         +483.7%       +2,586.4%      +17,738.1%       +3,951.8%     4.0

ΓöÇΓöÇΓöÇΓöÇΓöÇΓöÇΓöÇΓöÇΓöÇΓöÇΓöÇΓöÇΓöÇΓöÇΓöÇΓöÇΓöÇΓöÇΓöÇΓöÇΓöÇΓöÇΓöÇΓöÇΓöÇΓöÇΓöÇΓöÇΓöÇΓöÇΓöÇΓöÇΓöÇΓöÇΓöÇΓöÇΓöÇΓöÇΓöÇΓöÇΓöÇΓöÇΓöÇΓöÇΓöÇΓöÇΓöÇΓöÇΓöÇΓöÇΓöÇΓöÇΓöÇΓöÇΓöÇΓöÇΓöÇΓöÇΓöÇΓöÇΓöÇΓöÇΓöÇΓöÇΓöÇΓöÇΓöÇΓöÇΓöÇΓöÇΓöÇΓöÇΓöÇΓöÇΓöÇΓöÇΓöÇΓöÇΓöÇΓöÇΓöÇΓöÇΓöÇΓöÇΓöÇΓöÇΓöÇΓöÇΓöÇΓöÇΓöÇΓöÇΓöÇΓöÇΓöÇΓöÇΓöÇΓöÇΓöÇΓöÇΓöÇΓöÇΓöÇΓöÇΓöÇΓöÇΓöÇΓöÇΓöÇΓöÇΓöÇΓöÇΓöÇΓöÇΓöÇΓöÇΓöÇΓöÇΓöÇΓöÇ
  COMPOSITE family ΓÇö all rules, 2022ΓåÆnow Realistic
ΓöÇΓöÇΓöÇΓöÇΓöÇΓöÇΓöÇΓöÇΓöÇΓöÇΓöÇΓöÇΓöÇΓöÇΓöÇΓöÇΓöÇΓöÇΓöÇΓöÇΓöÇΓöÇΓöÇΓöÇΓöÇΓöÇΓöÇΓöÇΓöÇΓöÇΓöÇΓöÇΓöÇΓöÇΓöÇΓöÇΓöÇΓöÇΓöÇΓöÇΓöÇΓöÇΓöÇΓöÇΓöÇΓöÇΓöÇΓöÇΓöÇΓöÇΓöÇΓöÇΓöÇΓöÇΓöÇΓöÇΓöÇΓöÇΓöÇΓöÇΓöÇΓöÇΓöÇΓöÇΓöÇΓöÇΓöÇΓöÇΓöÇΓöÇΓöÇΓöÇΓöÇΓöÇΓöÇΓöÇΓöÇΓöÇΓöÇΓöÇΓöÇΓöÇΓöÇΓöÇΓöÇΓöÇΓöÇΓöÇΓöÇΓöÇΓöÇΓöÇΓöÇΓöÇΓöÇΓöÇΓöÇΓöÇΓöÇΓöÇΓöÇΓöÇΓöÇΓöÇΓöÇΓöÇΓöÇΓöÇΓöÇΓöÇΓöÇΓöÇΓöÇΓöÇΓöÇΓöÇΓöÇΓöÇΓöÇΓöÇ
  Rule              Desc                        TPstr%         MeanRet   WorstDD      2022 Ret      2024 Ret
  ΓöÇΓöÇΓöÇΓöÇΓöÇΓöÇΓöÇΓöÇΓöÇΓöÇΓöÇΓöÇΓöÇΓöÇΓöÇΓöÇΓöÇΓöÇΓöÇΓöÇΓöÇΓöÇΓöÇΓöÇΓöÇΓöÇΓöÇΓöÇΓöÇΓöÇΓöÇΓöÇΓöÇΓöÇΓöÇΓöÇΓöÇΓöÇΓöÇΓöÇΓöÇΓöÇΓöÇΓöÇΓöÇΓöÇΓöÇΓöÇΓöÇΓöÇΓöÇΓöÇΓöÇΓöÇΓöÇΓöÇΓöÇΓöÇΓöÇΓöÇΓöÇΓöÇΓöÇΓöÇΓöÇΓöÇΓöÇΓöÇΓöÇΓöÇΓöÇΓöÇΓöÇΓöÇΓöÇΓöÇΓöÇΓöÇΓöÇΓöÇΓöÇΓöÇΓöÇΓöÇΓöÇΓöÇΓöÇΓöÇΓöÇΓöÇΓöÇΓöÇΓöÇΓöÇΓöÇΓöÇΓöÇΓöÇΓöÇΓöÇΓöÇΓöÇΓöÇΓöÇΓöÇΓöÇΓöÇΓöÇΓöÇΓöÇΓöÇΓöÇΓöÇΓöÇΓöÇΓöÇ
  comp_TP30/35      compΓëÑ50 ΓåÆ TP=35%               53%  +182,047,912.8%     79.9%       +407.8%    +22,023.8%
  comp_TP30/40      compΓëÑ50 ΓåÆ TP=40%               53%  +53,180,870.9%     81.3%       +150.0%    +14,047.8%
  comp_TP30/25      compΓëÑ50 ΓåÆ TP=25%               53%  +40,470,366.0%     84.7%       +307.0%    +14,297.6%
  comp_TP30/20      compΓëÑ50 ΓåÆ TP=20%               53%   +5,275,263.5%     83.9%        +51.8%     +8,736.8%

ΓöÇΓöÇΓöÇΓöÇΓöÇΓöÇΓöÇΓöÇΓöÇΓöÇΓöÇΓöÇΓöÇΓöÇΓöÇΓöÇΓöÇΓöÇΓöÇΓöÇΓöÇΓöÇΓöÇΓöÇΓöÇΓöÇΓöÇΓöÇΓöÇΓöÇΓöÇΓöÇΓöÇΓöÇΓöÇΓöÇΓöÇΓöÇΓöÇΓöÇΓöÇΓöÇΓöÇΓöÇΓöÇΓöÇΓöÇΓöÇΓöÇΓöÇΓöÇΓöÇΓöÇΓöÇΓöÇΓöÇΓöÇΓöÇΓöÇΓöÇΓöÇΓöÇΓöÇΓöÇΓöÇΓöÇΓöÇΓöÇΓöÇΓöÇΓöÇΓöÇΓöÇΓöÇΓöÇΓöÇΓöÇΓöÇΓöÇΓöÇΓöÇΓöÇΓöÇΓöÇΓöÇΓöÇΓöÇΓöÇΓöÇΓöÇΓöÇΓöÇΓöÇΓöÇΓöÇΓöÇΓöÇΓöÇΓöÇΓöÇΓöÇΓöÇΓöÇΓöÇΓöÇΓöÇΓöÇΓöÇΓöÇΓöÇΓöÇΓöÇΓöÇΓöÇΓöÇΓöÇΓöÇΓöÇΓöÇΓöÇ
  BREADTH family ΓÇö all rules, 2022ΓåÆnow Realistic
ΓöÇΓöÇΓöÇΓöÇΓöÇΓöÇΓöÇΓöÇΓöÇΓöÇΓöÇΓöÇΓöÇΓöÇΓöÇΓöÇΓöÇΓöÇΓöÇΓöÇΓöÇΓöÇΓöÇΓöÇΓöÇΓöÇΓöÇΓöÇΓöÇΓöÇΓöÇΓöÇΓöÇΓöÇΓöÇΓöÇΓöÇΓöÇΓöÇΓöÇΓöÇΓöÇΓöÇΓöÇΓöÇΓöÇΓöÇΓöÇΓöÇΓöÇΓöÇΓöÇΓöÇΓöÇΓöÇΓöÇΓöÇΓöÇΓöÇΓöÇΓöÇΓöÇΓöÇΓöÇΓöÇΓöÇΓöÇΓöÇΓöÇΓöÇΓöÇΓöÇΓöÇΓöÇΓöÇΓöÇΓöÇΓöÇΓöÇΓöÇΓöÇΓöÇΓöÇΓöÇΓöÇΓöÇΓöÇΓöÇΓöÇΓöÇΓöÇΓöÇΓöÇΓöÇΓöÇΓöÇΓöÇΓöÇΓöÇΓöÇΓöÇΓöÇΓöÇΓöÇΓöÇΓöÇΓöÇΓöÇΓöÇΓöÇΓöÇΓöÇΓöÇΓöÇΓöÇΓöÇΓöÇΓöÇΓöÇΓöÇ
  Rule              Desc                        TPstr%         MeanRet   WorstDD      2022 Ret      2024 Ret
  ΓöÇΓöÇΓöÇΓöÇΓöÇΓöÇΓöÇΓöÇΓöÇΓöÇΓöÇΓöÇΓöÇΓöÇΓöÇΓöÇΓöÇΓöÇΓöÇΓöÇΓöÇΓöÇΓöÇΓöÇΓöÇΓöÇΓöÇΓöÇΓöÇΓöÇΓöÇΓöÇΓöÇΓöÇΓöÇΓöÇΓöÇΓöÇΓöÇΓöÇΓöÇΓöÇΓöÇΓöÇΓöÇΓöÇΓöÇΓöÇΓöÇΓöÇΓöÇΓöÇΓöÇΓöÇΓöÇΓöÇΓöÇΓöÇΓöÇΓöÇΓöÇΓöÇΓöÇΓöÇΓöÇΓöÇΓöÇΓöÇΓöÇΓöÇΓöÇΓöÇΓöÇΓöÇΓöÇΓöÇΓöÇΓöÇΓöÇΓöÇΓöÇΓöÇΓöÇΓöÇΓöÇΓöÇΓöÇΓöÇΓöÇΓöÇΓöÇΓöÇΓöÇΓöÇΓöÇΓöÇΓöÇΓöÇΓöÇΓöÇΓöÇΓöÇΓöÇΓöÇΓöÇΓöÇΓöÇΓöÇΓöÇΓöÇΓöÇΓöÇΓöÇΓöÇΓöÇΓöÇ
  brd_TP30/35       brd_invΓëÑ50 ΓåÆ TP=35%            49%  +188,745,989.9%     81.6%       +465.2%    +20,400.4%
  brd_TP30/40       brd_invΓëÑ50 ΓåÆ TP=40%            49%  +61,134,057.4%     83.4%       +198.1%    +13,234.5%
  brd_TP30/25       brd_invΓëÑ50 ΓåÆ TP=25%            49%  +49,466,842.8%     83.2%       +435.1%    +14,895.2%
  brd_TP30/20       brd_invΓëÑ50 ΓåÆ TP=20%            49%   +5,671,430.9%     82.4%        +72.0%     +9,717.6%

ΓöÇΓöÇΓöÇΓöÇΓöÇΓöÇΓöÇΓöÇΓöÇΓöÇΓöÇΓöÇΓöÇΓöÇΓöÇΓöÇΓöÇΓöÇΓöÇΓöÇΓöÇΓöÇΓöÇΓöÇΓöÇΓöÇΓöÇΓöÇΓöÇΓöÇΓöÇΓöÇΓöÇΓöÇΓöÇΓöÇΓöÇΓöÇΓöÇΓöÇΓöÇΓöÇΓöÇΓöÇΓöÇΓöÇΓöÇΓöÇΓöÇΓöÇΓöÇΓöÇΓöÇΓöÇΓöÇΓöÇΓöÇΓöÇΓöÇΓöÇΓöÇΓöÇΓöÇΓöÇΓöÇΓöÇΓöÇΓöÇΓöÇΓöÇΓöÇΓöÇΓöÇΓöÇΓöÇΓöÇΓöÇΓöÇΓöÇΓöÇΓöÇΓöÇΓöÇΓöÇΓöÇΓöÇΓöÇΓöÇΓöÇΓöÇΓöÇΓöÇΓöÇΓöÇΓöÇΓöÇΓöÇΓöÇΓöÇΓöÇΓöÇΓöÇΓöÇΓöÇΓöÇΓöÇΓöÇΓöÇΓöÇΓöÇΓöÇΓöÇΓöÇΓöÇΓöÇΓöÇΓöÇΓöÇΓöÇΓöÇ
  VIX family ΓÇö all rules, 2022ΓåÆnow Realistic
ΓöÇΓöÇΓöÇΓöÇΓöÇΓöÇΓöÇΓöÇΓöÇΓöÇΓöÇΓöÇΓöÇΓöÇΓöÇΓöÇΓöÇΓöÇΓöÇΓöÇΓöÇΓöÇΓöÇΓöÇΓöÇΓöÇΓöÇΓöÇΓöÇΓöÇΓöÇΓöÇΓöÇΓöÇΓöÇΓöÇΓöÇΓöÇΓöÇΓöÇΓöÇΓöÇΓöÇΓöÇΓöÇΓöÇΓöÇΓöÇΓöÇΓöÇΓöÇΓöÇΓöÇΓöÇΓöÇΓöÇΓöÇΓöÇΓöÇΓöÇΓöÇΓöÇΓöÇΓöÇΓöÇΓöÇΓöÇΓöÇΓöÇΓöÇΓöÇΓöÇΓöÇΓöÇΓöÇΓöÇΓöÇΓöÇΓöÇΓöÇΓöÇΓöÇΓöÇΓöÇΓöÇΓöÇΓöÇΓöÇΓöÇΓöÇΓöÇΓöÇΓöÇΓöÇΓöÇΓöÇΓöÇΓöÇΓöÇΓöÇΓöÇΓöÇΓöÇΓöÇΓöÇΓöÇΓöÇΓöÇΓöÇΓöÇΓöÇΓöÇΓöÇΓöÇΓöÇΓöÇΓöÇΓöÇΓöÇΓöÇ
  Rule              Desc                        TPstr%         MeanRet   WorstDD      2022 Ret      2024 Ret
  ΓöÇΓöÇΓöÇΓöÇΓöÇΓöÇΓöÇΓöÇΓöÇΓöÇΓöÇΓöÇΓöÇΓöÇΓöÇΓöÇΓöÇΓöÇΓöÇΓöÇΓöÇΓöÇΓöÇΓöÇΓöÇΓöÇΓöÇΓöÇΓöÇΓöÇΓöÇΓöÇΓöÇΓöÇΓöÇΓöÇΓöÇΓöÇΓöÇΓöÇΓöÇΓöÇΓöÇΓöÇΓöÇΓöÇΓöÇΓöÇΓöÇΓöÇΓöÇΓöÇΓöÇΓöÇΓöÇΓöÇΓöÇΓöÇΓöÇΓöÇΓöÇΓöÇΓöÇΓöÇΓöÇΓöÇΓöÇΓöÇΓöÇΓöÇΓöÇΓöÇΓöÇΓöÇΓöÇΓöÇΓöÇΓöÇΓöÇΓöÇΓöÇΓöÇΓöÇΓöÇΓöÇΓöÇΓöÇΓöÇΓöÇΓöÇΓöÇΓöÇΓöÇΓöÇΓöÇΓöÇΓöÇΓöÇΓöÇΓöÇΓöÇΓöÇΓöÇΓöÇΓöÇΓöÇΓöÇΓöÇΓöÇΓöÇΓöÇΓöÇΓöÇΓöÇΓöÇΓöÇ
  vix_TP30/35       vix_scoreΓëÑ70 ΓåÆ TP=35%          21%  +121,584,249.7%     81.8%       +483.7%    +17,738.1%
  vix_TP30/40       vix_scoreΓëÑ70 ΓåÆ TP=40%          21%  +93,239,243.6%     81.9%       +377.7%    +16,230.6%
  vix_TP30/25       vix_scoreΓëÑ70 ΓåÆ TP=25%          21%  +63,381,480.6%     82.9%       +355.9%    +12,693.8%
  vix_TP30/20       vix_scoreΓëÑ70 ΓåÆ TP=20%          21%  +22,411,430.6%     83.1%       +139.3%    +11,202.2%

============================================================================================================================================
VERDICT ΓÇö 2022ΓåÆnow (worst-case bear entry)
============================================================================================================================================

  FIXED_TP30 (baseline):
    Realistic     : ret=+126,482,516.4%  DD=84.0%  TP=64.3%
    Conservative  : ret=+36,581,541.4%  DD=86.0%

  OVERALL BEST: brd_TP30/35  (brd_invΓëÑ50 ΓåÆ TP=35%)
    2022ΓåÆnow Realistic   : ret=+188,745,989.9%  (+62,263,473.5% vs baseline)  DD=81.6%  (-2.5% vs baseline)  TP=63.1%  TPstress=49%
    2022ΓåÆnow Conservative: ret=+66,892,492.9%  DD=80.8%
    2022 bear Realistic  : ret=+465.2%  TP=60.5%

  BEST COMPOSITE: comp_TP30/35  (compΓëÑ50 ΓåÆ TP=35%)
    2022ΓåÆnow Realistic   : ret=+182,047,912.8%  (+55,565,396.4% vs baseline)  DD=79.9%  (-4.1% vs baseline)  TP=63.1%  TPstress=53%
    2022ΓåÆnow Conservative: ret=+66,829,639.1%  DD=81.3%
    2022 bear Realistic  : ret=+407.8%  TP=60.1%

  BEST BREADTH: brd_TP30/35  (brd_invΓëÑ50 ΓåÆ TP=35%)
    2022ΓåÆnow Realistic   : ret=+188,745,989.9%  (+62,263,473.5% vs baseline)  DD=81.6%  (-2.5% vs baseline)  TP=63.1%  TPstress=49%
    2022ΓåÆnow Conservative: ret=+66,892,492.9%  DD=80.8%
    2022 bear Realistic  : ret=+465.2%  TP=60.5%

  BEST VIX: vix_TP30/35  (vix_scoreΓëÑ70 ΓåÆ TP=35%)
    2022ΓåÆnow Realistic   : ret=+121,584,249.7%  (-4,898,266.7% vs baseline)  DD=81.8%  (-2.2% vs baseline)  TP=63.8%  TPstress=21%
    2022ΓåÆnow Conservative: ret=+38,173,450.0%  DD=83.3%
    2022 bear Realistic  : ret=+483.7%  TP=61.2%

